2025-09-02 03:09:12,740 - __main__ - INFO - Adaptive PID controller initialized
2025-09-02 03:09:12,741 - __main__ - INFO - V2X communication initialized on port 8888
2025-09-02 03:09:12,789 - __main__ - INFO - Hybrid A* pathfinding initialized
2025-09-02 03:09:12,789 - __main__ - INFO - Advanced route optimizer initialized
2025-09-02 03:09:12,789 - __main__ - INFO - Ultimate CARLA Navigator initialized
2025-09-02 03:09:12,899 - __main__ - INFO - Vehicle spawned at Location(x=283.672272, y=129.489975, z=0.300000)
2025-09-02 03:09:14,066 - __main__ - INFO - All sensors set up successfully
2025-09-02 03:09:14,067 - __main__ - INFO - Multi-modal sensor fusion system initialized
2025-09-02 03:09:14,067 - __main__ - INFO - Sensor fusion system started
2025-09-02 03:09:14,067 - __main__ - INFO - Advanced optical avoidance system initialized
2025-09-02 03:09:14,067 - __main__ - INFO - Optical avoidance system started
2025-09-02 03:09:14,067 - __main__ - ERROR - Error in optical avoidance processing loop: 'NoneType' object has no attribute 'copy'
2025-09-02 03:09:14,073 - __main__ - INFO - Advanced traffic light detector initialized
2025-09-02 03:09:14,076 - __main__ - ERROR - Error in optical avoidance processing loop: 'NoneType' object has no attribute 'copy'
2025-09-02 03:09:14,076 - __main__ - ERROR - Error in optical avoidance processing loop: 'NoneType' object has no attribute 'copy'
2025-09-02 03:09:14,076 - __main__ - INFO - Traffic light detector started
2025-09-02 03:09:14,077 - __main__ - ERROR - Error in optical avoidance processing loop: 'NoneType' object has no attribute 'copy'
2025-09-02 03:09:14,077 - __main__ - ERROR - Error in optical avoidance processing loop: 'NoneType' object has no attribute 'copy'
2025-09-02 03:09:14,077 - __main__ - ERROR - Error in optical avoidance processing loop: 'NoneType' object has no attribute 'copy'
2025-09-02 03:09:14,077 - __main__ - ERROR - Error in optical avoidance processing loop: 'NoneType' object has no attribute 'copy'
2025-09-02 03:09:14,077 - __main__ - ERROR - Error in optical avoidance processing loop: 'NoneType' object has no attribute 'copy'
2025-09-02 03:09:14,077 - __main__ - ERROR - Error in optical avoidance processing loop: 'NoneType' object has no attribute 'copy'
2025-09-02 03:09:14,077 - __main__ - ERROR - Error in optical avoidance processing loop: 'NoneType' object has no attribute 'copy'
2025-09-02 03:09:14,077 - __main__ - ERROR - Error in optical avoidance processing loop: 'NoneType' object has no attribute 'copy'
2025-09-02 03:09:14,077 - __main__ - ERROR - Error in optical avoidance processing loop: 'NoneType' object has no attribute 'copy'
2025-09-02 03:09:14,077 - __main__ - ERROR - Error in optical avoidance processing loop: 'NoneType' object has no attribute 'copy'
2025-09-02 03:09:14,077 - __main__ - ERROR - Error in optical avoidance processing loop: 'NoneType' object has no attribute 'copy'
2025-09-02 03:09:14,077 - __main__ - ERROR - Error in optical avoidance processing loop: 'NoneType' object has no attribute 'copy'
2025-09-02 03:09:14,077 - __main__ - ERROR - Error in optical avoidance processing loop: 'NoneType' object has no attribute 'copy'
2025-09-02 03:09:14,077 - __main__ - ERROR - Error in optical avoidance processing loop: 'NoneType' object has no attribute 'copy'
2025-09-02 03:09:14,078 - __main__ - ERROR - Error in optical avoidance processing loop: 'NoneType' object has no attribute 'copy'
2025-09-02 03:09:14,078 - __main__ - ERROR - Error in optical avoidance processing loop: 'NoneType' object has no attribute 'copy'
2025-09-02 03:09:14,078 - __main__ - ERROR - Error in optical avoidance processing loop: 'NoneType' object has no attribute 'copy'
2025-09-02 03:09:14,078 - __main__ - ERROR - Error in optical avoidance processing loop: 'NoneType' object has no attribute 'copy'
2025-09-02 03:09:14,078 - __main__ - ERROR - Error in optical avoidance processing loop: 'NoneType' object has no attribute 'copy'
2025-09-02 03:09:14,078 - __main__ - ERROR - Error in optical avoidance processing loop: 'NoneType' object has no attribute 'copy'
2025-09-02 03:09:14,078 - __main__ - ERROR - Error in optical avoidance processing loop: 'NoneType' object has no attribute 'copy'
2025-09-02 03:09:14,078 - __main__ - ERROR - Error in optical avoidance processing loop: 'NoneType' object has no attribute 'copy'
2025-09-02 03:09:14,078 - __main__ - ERROR - Error in optical avoidance processing loop: 'NoneType' object has no attribute 'copy'
2025-09-02 03:09:14,078 - __main__ - ERROR - Error in optical avoidance processing loop: 'NoneType' object has no attribute 'copy'
2025-09-02 03:09:14,078 - __main__ - ERROR - Error in optical avoidance processing loop: 'NoneType' object has no attribute 'copy'
2025-09-02 03:09:14,078 - __main__ - ERROR - Error in optical avoidance processing loop: 'NoneType' object has no attribute 'copy'
2025-09-02 03:09:14,078 - __main__ - ERROR - Error in optical avoidance processing loop: 'NoneType' object has no attribute 'copy'
2025-09-02 03:09:14,078 - __main__ - ERROR - Error in optical avoidance processing loop: 'NoneType' object has no attribute 'copy'
2025-09-02 03:09:14,078 - __main__ - ERROR - Error in optical avoidance processing loop: 'NoneType' object has no attribute 'copy'
2025-09-02 03:09:14,078 - __main__ - ERROR - Error in optical avoidance processing loop: 'NoneType' object has no attribute 'copy'
2025-09-02 03:09:14,078 - __main__ - ERROR - Error in optical avoidance processing loop: 'NoneType' object has no attribute 'copy'
2025-09-02 03:09:14,078 - __main__ - ERROR - Error in optical avoidance processing loop: 'NoneType' object has no attribute 'copy'
2025-09-02 03:09:14,078 - __main__ - ERROR - Error in optical avoidance processing loop: 'NoneType' object has no attribute 'copy'
2025-09-02 03:09:14,079 - __main__ - ERROR - Error in optical avoidance processing loop: 'NoneType' object has no attribute 'copy'
2025-09-02 03:09:14,079 - __main__ - ERROR - Error in optical avoidance processing loop: 'NoneType' object has no attribute 'copy'
2025-09-02 03:09:14,079 - __main__ - ERROR - Error in optical avoidance processing loop: 'NoneType' object has no attribute 'copy'
2025-09-02 03:09:14,142 - __main__ - ERROR - Error determining avoidance action: too many values to unpack (expected 2)
2025-09-02 03:09:16,513 - __main__ - INFO - Optimizing waypoint order using advanced algorithms...
2025-09-02 03:09:16,513 - __main__ - INFO - Trying nearest_neighbor algorithm...
2025-09-02 03:09:16,880 - __main__ - INFO - nearest_neighbor distance: 2877.8m
2025-09-02 03:09:16,880 - __main__ - INFO - Trying 2opt algorithm...
2025-09-02 03:09:16,924 - __main__ - INFO - 2-opt optimization completed in 1 iterations
2025-09-02 03:09:16,924 - __main__ - INFO - 2opt distance: 2877.8m
2025-09-02 03:09:16,924 - __main__ - INFO - Trying genetic algorithm...
2025-09-02 03:09:17,200 - __main__ - INFO - Genetic algorithm generation 0, best distance: 4062.7
2025-09-02 03:09:17,203 - __main__ - ERROR - Error with genetic algorithm: tuple index out of range
2025-09-02 03:09:17,203 - __main__ - INFO - Trying simulated_annealing algorithm...
2025-09-02 03:09:17,217 - __main__ - INFO - Simulated annealing iteration 100, temperature: 5.92, best distance: 2877.8
2025-09-02 03:09:17,224 - __main__ - INFO - Simulated annealing completed in 135 iterations
2025-09-02 03:09:17,225 - __main__ - INFO - simulated_annealing distance: 2877.8m
2025-09-02 03:09:17,232 - __main__ - INFO - Original order distance: 4179.7m
2025-09-02 03:09:17,232 - __main__ - INFO - Best algorithm: nearest_neighbor, distance: 2877.8m
2025-09-02 03:09:17,232 - __main__ - INFO - Distance saved: 1301.8m (31.1%)
2025-09-02 03:09:17,232 - __main__ - INFO - Optimized route order:
2025-09-02 03:09:17,232 - __main__ - INFO -   Stop 1: Waypoint 0 [334.949799, 161.106171, 0.001736]
2025-09-02 03:09:17,232 - __main__ - INFO -   Stop 2: Waypoint 1 [339.100037, 258.568939, 0.001679]
2025-09-02 03:09:17,232 - __main__ - INFO -   Stop 3: Waypoint 13 [184.758713, 199.424271, 0.00168]
2025-09-02 03:09:17,232 - __main__ - INFO -   Stop 4: Waypoint 12 [161.030975, 129.313187, 0.001679]
2025-09-02 03:09:17,232 - __main__ - INFO -   Stop 5: Waypoint 6 [92.325722, 86.063644, 0.001677]
2025-09-02 03:09:17,233 - __main__ - INFO -   Stop 6: Waypoint 11 [122.100121, 55.142044, 0.001596]
2025-09-02 03:09:17,233 - __main__ - INFO -   Stop 7: Waypoint 10 [59.701321, 1.970804, 0.001467]
2025-09-02 03:09:17,233 - __main__ - INFO -   Stop 8: Waypoint 9 [-1.646942, 197.501282, 0.001555]
2025-09-02 03:09:17,233 - __main__ - INFO -   Stop 9: Waypoint 7 [88.384346, 287.468567, 0.001728]
2025-09-02 03:09:17,233 - __main__ - INFO -   Stop 10: Waypoint 8 [177.594101, 326.386902, 0.001677]
2025-09-02 03:09:17,233 - __main__ - INFO -   Stop 11: Waypoint 2 [396.295319, 183.19574, 0.001678]
2025-09-02 03:09:17,233 - __main__ - INFO -   Stop 12: Waypoint 5 [290.515564, 56.175072, 0.001677]
2025-09-02 03:09:17,233 - __main__ - INFO -   Stop 13: Waypoint 3 [267.657074, 1.98316, 0.001678]
2025-09-02 03:09:17,233 - __main__ - INFO -   Stop 14: Waypoint 4 [153.868896, 26.115866, 0.001678]
2025-09-02 03:09:17,433 - __main__ - WARNING - Failed to spawn traffic vehicle: Python argument types in
    Vehicle.set_autopilot(Vehicle, bool, float)
did not match C++ signature:
    set_autopilot(carla::client::Vehicle {lvalue}, bool enabled=True, unsigned short tm_port=8000)
2025-09-02 03:09:17,564 - __main__ - WARNING - Failed to spawn traffic vehicle: Python argument types in
    Vehicle.set_autopilot(Vehicle, bool, float)
did not match C++ signature:
    set_autopilot(carla::client::Vehicle {lvalue}, bool enabled=True, unsigned short tm_port=8000)
2025-09-02 03:09:17,698 - __main__ - WARNING - Failed to spawn traffic vehicle: Python argument types in
    Vehicle.set_autopilot(Vehicle, bool, float)
did not match C++ signature:
    set_autopilot(carla::client::Vehicle {lvalue}, bool enabled=True, unsigned short tm_port=8000)
2025-09-02 03:09:17,827 - __main__ - WARNING - Failed to spawn traffic vehicle: Python argument types in
    Vehicle.set_autopilot(Vehicle, bool, float)
did not match C++ signature:
    set_autopilot(carla::client::Vehicle {lvalue}, bool enabled=True, unsigned short tm_port=8000)
2025-09-02 03:09:17,963 - __main__ - WARNING - Failed to spawn traffic vehicle: Python argument types in
    Vehicle.set_autopilot(Vehicle, bool, float)
did not match C++ signature:
    set_autopilot(carla::client::Vehicle {lvalue}, bool enabled=True, unsigned short tm_port=8000)
2025-09-02 03:09:18,151 - __main__ - WARNING - Failed to spawn traffic vehicle: Python argument types in
    Vehicle.set_autopilot(Vehicle, bool, float)
did not match C++ signature:
    set_autopilot(carla::client::Vehicle {lvalue}, bool enabled=True, unsigned short tm_port=8000)
2025-09-02 03:09:18,277 - __main__ - WARNING - Failed to spawn traffic vehicle: Python argument types in
    Vehicle.set_autopilot(Vehicle, bool, float)
did not match C++ signature:
    set_autopilot(carla::client::Vehicle {lvalue}, bool enabled=True, unsigned short tm_port=8000)
2025-09-02 03:09:18,409 - __main__ - WARNING - Failed to spawn traffic vehicle: Python argument types in
    Vehicle.set_autopilot(Vehicle, bool, float)
did not match C++ signature:
    set_autopilot(carla::client::Vehicle {lvalue}, bool enabled=True, unsigned short tm_port=8000)
2025-09-02 03:09:18,540 - __main__ - WARNING - Failed to spawn traffic vehicle: Python argument types in
    Vehicle.set_autopilot(Vehicle, bool, float)
did not match C++ signature:
    set_autopilot(carla::client::Vehicle {lvalue}, bool enabled=True, unsigned short tm_port=8000)
2025-09-02 03:09:18,669 - __main__ - WARNING - Failed to spawn traffic vehicle: Python argument types in
    Vehicle.set_autopilot(Vehicle, bool, float)
did not match C++ signature:
    set_autopilot(carla::client::Vehicle {lvalue}, bool enabled=True, unsigned short tm_port=8000)
2025-09-02 03:09:18,824 - __main__ - WARNING - Failed to spawn traffic vehicle: Python argument types in
    Vehicle.set_autopilot(Vehicle, bool, float)
did not match C++ signature:
    set_autopilot(carla::client::Vehicle {lvalue}, bool enabled=True, unsigned short tm_port=8000)
2025-09-02 03:09:18,975 - __main__ - WARNING - Failed to spawn traffic vehicle: Python argument types in
    Vehicle.set_autopilot(Vehicle, bool, float)
did not match C++ signature:
    set_autopilot(carla::client::Vehicle {lvalue}, bool enabled=True, unsigned short tm_port=8000)
2025-09-02 03:09:19,111 - __main__ - WARNING - Failed to spawn traffic vehicle: Python argument types in
    Vehicle.set_autopilot(Vehicle, bool, float)
did not match C++ signature:
    set_autopilot(carla::client::Vehicle {lvalue}, bool enabled=True, unsigned short tm_port=8000)
2025-09-02 03:09:19,243 - __main__ - WARNING - Failed to spawn traffic vehicle: Python argument types in
    Vehicle.set_autopilot(Vehicle, bool, float)
did not match C++ signature:
    set_autopilot(carla::client::Vehicle {lvalue}, bool enabled=True, unsigned short tm_port=8000)
2025-09-02 03:09:19,375 - __main__ - WARNING - Failed to spawn traffic vehicle: Python argument types in
    Vehicle.set_autopilot(Vehicle, bool, float)
did not match C++ signature:
    set_autopilot(carla::client::Vehicle {lvalue}, bool enabled=True, unsigned short tm_port=8000)
2025-09-02 03:09:19,507 - __main__ - WARNING - Failed to spawn traffic vehicle: Python argument types in
    Vehicle.set_autopilot(Vehicle, bool, float)
did not match C++ signature:
    set_autopilot(carla::client::Vehicle {lvalue}, bool enabled=True, unsigned short tm_port=8000)
2025-09-02 03:09:19,654 - __main__ - WARNING - Failed to spawn traffic vehicle: Python argument types in
    Vehicle.set_autopilot(Vehicle, bool, float)
did not match C++ signature:
    set_autopilot(carla::client::Vehicle {lvalue}, bool enabled=True, unsigned short tm_port=8000)
2025-09-02 03:09:19,924 - __main__ - WARNING - Failed to spawn traffic vehicle: Python argument types in
    Vehicle.set_autopilot(Vehicle, bool, float)
did not match C++ signature:
    set_autopilot(carla::client::Vehicle {lvalue}, bool enabled=True, unsigned short tm_port=8000)
2025-09-02 03:09:20,071 - __main__ - WARNING - Failed to spawn traffic vehicle: Python argument types in
    Vehicle.set_autopilot(Vehicle, bool, float)
did not match C++ signature:
    set_autopilot(carla::client::Vehicle {lvalue}, bool enabled=True, unsigned short tm_port=8000)
2025-09-02 03:09:20,359 - __main__ - WARNING - Failed to spawn traffic vehicle: Python argument types in
    Vehicle.set_autopilot(Vehicle, bool, float)
did not match C++ signature:
    set_autopilot(carla::client::Vehicle {lvalue}, bool enabled=True, unsigned short tm_port=8000)
2025-09-02 03:09:20,364 - __main__ - INFO - Spawned 0 traffic vehicles and 0 pedestrians
2025-09-02 03:09:20,366 - __main__ - INFO - Visualized 14 waypoints as dots with labels
2025-09-02 03:09:20,370 - __main__ - INFO - Hybrid A* found path in 0.004s
2025-09-02 03:09:20,370 - __main__ - ERROR - Error visualizing complete route: Python argument types in
    Map.get_waypoint(Map, Waypoint)
did not match C++ signature:
    get_waypoint(carla::client::Map {lvalue}, carla::geom::Location location, bool project_to_road=True, int lane_type=carla.libcarla.LaneType.Driving)
2025-09-02 03:09:20,370 - __main__ - INFO - 
Starting navigation to 14 waypoints in optimized order
2025-09-02 03:09:20,370 - __main__ - INFO - Route order: [0, 1, 13, 12, 6, 11, 10, 9, 7, 8, 2, 5, 3, 4]
2025-09-02 03:09:20,370 - __main__ - INFO - 
Navigating to waypoint 1/14 (Original #0): [334.949799, 161.106171, 0.001736]
2025-09-02 03:09:20,370 - __main__ - INFO - 
Keeping visualization active. Press Ctrl+C to exit...
2025-09-02 03:09:20,373 - __main__ - INFO - Hybrid A* found path in 0.002s
2025-09-02 03:09:20,373 - __main__ - ERROR - Error navigating to waypoint 1: Python argument types in
    Map.get_waypoint(Map, Waypoint)
did not match C++ signature:
    get_waypoint(carla::client::Map {lvalue}, carla::geom::Location location, bool project_to_road=True, int lane_type=carla.libcarla.LaneType.Driving)
2025-09-02 03:09:20,649 - __main__ - WARNING - Failed to respawn traffic vehicle: Python argument types in
    Vehicle.set_autopilot(Vehicle, bool, float)
did not match C++ signature:
    set_autopilot(carla::client::Vehicle {lvalue}, bool enabled=True, unsigned short tm_port=8000)
2025-09-02 03:09:20,798 - __main__ - WARNING - Failed to respawn traffic vehicle: Python argument types in
    Vehicle.set_autopilot(Vehicle, bool, float)
did not match C++ signature:
    set_autopilot(carla::client::Vehicle {lvalue}, bool enabled=True, unsigned short tm_port=8000)
2025-09-02 03:09:20,960 - __main__ - WARNING - Failed to respawn traffic vehicle: Spawn failed because of collision at spawn position
2025-09-02 03:09:21,108 - __main__ - WARNING - Failed to respawn traffic vehicle: Python argument types in
    Vehicle.set_autopilot(Vehicle, bool, float)
did not match C++ signature:
    set_autopilot(carla::client::Vehicle {lvalue}, bool enabled=True, unsigned short tm_port=8000)
2025-09-02 03:09:21,254 - __main__ - WARNING - Failed to respawn traffic vehicle: Python argument types in
    Vehicle.set_autopilot(Vehicle, bool, float)
did not match C++ signature:
    set_autopilot(carla::client::Vehicle {lvalue}, bool enabled=True, unsigned short tm_port=8000)
2025-09-02 03:09:21,376 - __main__ - INFO - Progress: 0/14 waypoints, Time: 1.0s, Distance: 0.0m
2025-09-02 03:09:21,377 - __main__ - INFO - 
Navigating to waypoint 2/14 (Original #1): [339.100037, 258.568939, 0.001679]
2025-09-02 03:09:21,385 - __main__ - INFO - Hybrid A* found path in 0.003s
2025-09-02 03:09:21,396 - __main__ - ERROR - Error navigating to waypoint 2: Python argument types in
    Map.get_waypoint(Map, Waypoint)
did not match C++ signature:
    get_waypoint(carla::client::Map {lvalue}, carla::geom::Location location, bool project_to_road=True, int lane_type=carla.libcarla.LaneType.Driving)
2025-09-02 03:09:21,400 - __main__ - WARNING - Failed to respawn traffic vehicle: Python argument types in
    Vehicle.set_autopilot(Vehicle, bool, float)
did not match C++ signature:
    set_autopilot(carla::client::Vehicle {lvalue}, bool enabled=True, unsigned short tm_port=8000)
2025-09-02 03:09:21,585 - __main__ - WARNING - Failed to respawn traffic vehicle: Python argument types in
    Vehicle.set_autopilot(Vehicle, bool, float)
did not match C++ signature:
    set_autopilot(carla::client::Vehicle {lvalue}, bool enabled=True, unsigned short tm_port=8000)
2025-09-02 03:09:21,773 - __main__ - WARNING - Failed to respawn traffic vehicle: Python argument types in
    Vehicle.set_autopilot(Vehicle, bool, float)
did not match C++ signature:
    set_autopilot(carla::client::Vehicle {lvalue}, bool enabled=True, unsigned short tm_port=8000)
2025-09-02 03:09:21,921 - __main__ - WARNING - Failed to respawn traffic vehicle: Python argument types in
    Vehicle.set_autopilot(Vehicle, bool, float)
did not match C++ signature:
    set_autopilot(carla::client::Vehicle {lvalue}, bool enabled=True, unsigned short tm_port=8000)
2025-09-02 03:09:22,080 - __main__ - WARNING - Failed to respawn traffic vehicle: Python argument types in
    Vehicle.set_autopilot(Vehicle, bool, float)
did not match C++ signature:
    set_autopilot(carla::client::Vehicle {lvalue}, bool enabled=True, unsigned short tm_port=8000)
2025-09-02 03:09:22,233 - __main__ - WARNING - Failed to respawn traffic vehicle: Spawn failed because of collision at spawn position
2025-09-02 03:09:22,392 - __main__ - WARNING - Failed to respawn traffic vehicle: Python argument types in
    Vehicle.set_autopilot(Vehicle, bool, float)
did not match C++ signature:
    set_autopilot(carla::client::Vehicle {lvalue}, bool enabled=True, unsigned short tm_port=8000)
2025-09-02 03:09:22,398 - __main__ - INFO - 
Navigating to waypoint 3/14 (Original #13): [184.758713, 199.424271, 0.00168]
2025-09-02 03:09:22,399 - __main__ - INFO - Hybrid A* found path in 0.001s
2025-09-02 03:09:22,399 - __main__ - ERROR - Error navigating to waypoint 3: Python argument types in
    Map.get_waypoint(Map, Waypoint)
did not match C++ signature:
    get_waypoint(carla::client::Map {lvalue}, carla::geom::Location location, bool project_to_road=True, int lane_type=carla.libcarla.LaneType.Driving)
2025-09-02 03:09:22,542 - __main__ - WARNING - Failed to respawn traffic vehicle: Python argument types in
    Vehicle.set_autopilot(Vehicle, bool, float)
did not match C++ signature:
    set_autopilot(carla::client::Vehicle {lvalue}, bool enabled=True, unsigned short tm_port=8000)
2025-09-02 03:09:22,696 - __main__ - WARNING - Failed to respawn traffic vehicle: Python argument types in
    Vehicle.set_autopilot(Vehicle, bool, float)
did not match C++ signature:
    set_autopilot(carla::client::Vehicle {lvalue}, bool enabled=True, unsigned short tm_port=8000)
2025-09-02 03:09:22,854 - __main__ - WARNING - Failed to respawn traffic vehicle: Python argument types in
    Vehicle.set_autopilot(Vehicle, bool, float)
did not match C++ signature:
    set_autopilot(carla::client::Vehicle {lvalue}, bool enabled=True, unsigned short tm_port=8000)
2025-09-02 03:09:23,024 - __main__ - WARNING - Failed to respawn traffic vehicle: Python argument types in
    Vehicle.set_autopilot(Vehicle, bool, float)
did not match C++ signature:
    set_autopilot(carla::client::Vehicle {lvalue}, bool enabled=True, unsigned short tm_port=8000)
2025-09-02 03:09:23,185 - __main__ - WARNING - Failed to respawn traffic vehicle: Python argument types in
    Vehicle.set_autopilot(Vehicle, bool, float)
did not match C++ signature:
    set_autopilot(carla::client::Vehicle {lvalue}, bool enabled=True, unsigned short tm_port=8000)
2025-09-02 03:09:23,336 - __main__ - WARNING - Failed to respawn traffic vehicle: Python argument types in
    Vehicle.set_autopilot(Vehicle, bool, float)
did not match C++ signature:
    set_autopilot(carla::client::Vehicle {lvalue}, bool enabled=True, unsigned short tm_port=8000)
2025-09-02 03:09:23,403 - __main__ - INFO - 
Navigating to waypoint 4/14 (Original #12): [161.030975, 129.313187, 0.001679]
2025-09-02 03:09:23,410 - __main__ - INFO - Hybrid A* found path in 0.001s
2025-09-02 03:09:23,411 - __main__ - INFO - Path planned: 19 waypoints
2025-09-02 03:09:23,411 - __main__ - ERROR - Error sending position via V2X: Pickling of "carla.libcarla.Location" instances is not enabled (http://www.boost.org/libs/python/doc/v2/pickle.html)
2025-09-02 03:09:23,411 - __main__ - ERROR - Error following waypoints: 'AdvancedTrafficLightDetector' object has no attribute 'update'
2025-09-02 03:09:23,412 - __main__ - WARNING - Close to waypoint 4 (distance: 122.6m)
2025-09-02 03:09:23,504 - __main__ - WARNING - Failed to respawn traffic vehicle: Python argument types in
    Vehicle.set_autopilot(Vehicle, bool, float)
did not match C++ signature:
    set_autopilot(carla::client::Vehicle {lvalue}, bool enabled=True, unsigned short tm_port=8000)
2025-09-02 03:09:23,658 - __main__ - WARNING - Failed to respawn traffic vehicle: Python argument types in
    Vehicle.set_autopilot(Vehicle, bool, float)
did not match C++ signature:
    set_autopilot(carla::client::Vehicle {lvalue}, bool enabled=True, unsigned short tm_port=8000)
2025-09-02 03:09:23,658 - __main__ - INFO - Respawned 20 traffic vehicles
2025-09-02 03:09:24,413 - __main__ - INFO - 
Navigating to waypoint 5/14 (Original #6): [92.325722, 86.063644, 0.001677]
2025-09-02 03:09:24,420 - __main__ - INFO - Hybrid A* found path in 0.007s
2025-09-02 03:09:24,420 - __main__ - ERROR - Error navigating to waypoint 5: Python argument types in
    Map.get_waypoint(Map, Waypoint)
did not match C++ signature:
    get_waypoint(carla::client::Map {lvalue}, carla::geom::Location location, bool project_to_road=True, int lane_type=carla.libcarla.LaneType.Driving)
2025-09-02 03:09:25,421 - __main__ - INFO - 
Navigating to waypoint 6/14 (Original #11): [122.100121, 55.142044, 0.001596]
2025-09-02 03:09:25,423 - __main__ - INFO - Hybrid A* found path in 0.002s
2025-09-02 03:09:25,423 - __main__ - ERROR - Error navigating to waypoint 6: Python argument types in
    Map.get_waypoint(Map, Waypoint)
did not match C++ signature:
    get_waypoint(carla::client::Map {lvalue}, carla::geom::Location location, bool project_to_road=True, int lane_type=carla.libcarla.LaneType.Driving)
2025-09-02 03:09:26,431 - __main__ - INFO - 
Navigating to waypoint 7/14 (Original #10): [59.701321, 1.970804, 0.001467]
2025-09-02 03:09:26,438 - __main__ - INFO - Hybrid A* found path in 0.003s
2025-09-02 03:09:26,438 - __main__ - ERROR - Error navigating to waypoint 7: Python argument types in
    Map.get_waypoint(Map, Waypoint)
did not match C++ signature:
    get_waypoint(carla::client::Map {lvalue}, carla::geom::Location location, bool project_to_road=True, int lane_type=carla.libcarla.LaneType.Driving)
2025-09-02 03:09:27,383 - __main__ - INFO - Progress: 0/14 waypoints, Time: 7.0s, Distance: 0.0m
2025-09-02 03:09:27,448 - __main__ - INFO - 
Navigating to waypoint 8/14 (Original #9): [-1.646942, 197.501282, 0.001555]
2025-09-02 03:09:27,452 - __main__ - INFO - Hybrid A* found path in 0.003s
2025-09-02 03:09:27,452 - __main__ - ERROR - Error navigating to waypoint 8: Python argument types in
    Map.get_waypoint(Map, Waypoint)
did not match C++ signature:
    get_waypoint(carla::client::Map {lvalue}, carla::geom::Location location, bool project_to_road=True, int lane_type=carla.libcarla.LaneType.Driving)
2025-09-02 03:09:28,463 - __main__ - INFO - 
Navigating to waypoint 9/14 (Original #7): [88.384346, 287.468567, 0.001728]
2025-09-02 03:09:28,472 - __main__ - INFO - Hybrid A* found path in 0.005s
2025-09-02 03:09:28,473 - __main__ - ERROR - Error navigating to waypoint 9: Python argument types in
    Map.get_waypoint(Map, Waypoint)
did not match C++ signature:
    get_waypoint(carla::client::Map {lvalue}, carla::geom::Location location, bool project_to_road=True, int lane_type=carla.libcarla.LaneType.Driving)
2025-09-02 03:09:29,486 - __main__ - INFO - 
Navigating to waypoint 10/14 (Original #8): [177.594101, 326.386902, 0.001677]
2025-09-02 03:09:29,488 - __main__ - INFO - Hybrid A* found path in 0.001s
2025-09-02 03:09:29,488 - __main__ - ERROR - Error navigating to waypoint 10: Python argument types in
    Map.get_waypoint(Map, Waypoint)
did not match C++ signature:
    get_waypoint(carla::client::Map {lvalue}, carla::geom::Location location, bool project_to_road=True, int lane_type=carla.libcarla.LaneType.Driving)
2025-09-02 03:09:30,489 - __main__ - INFO - 
Navigating to waypoint 11/14 (Original #2): [396.295319, 183.19574, 0.001678]
2025-09-02 03:09:30,492 - __main__ - INFO - Hybrid A* found path in 0.003s
2025-09-02 03:09:30,492 - __main__ - ERROR - Error navigating to waypoint 11: Python argument types in
    Map.get_waypoint(Map, Waypoint)
did not match C++ signature:
    get_waypoint(carla::client::Map {lvalue}, carla::geom::Location location, bool project_to_road=True, int lane_type=carla.libcarla.LaneType.Driving)
2025-09-02 03:09:31,493 - __main__ - INFO - 
Navigating to waypoint 12/14 (Original #5): [290.515564, 56.175072, 0.001677]
2025-09-02 03:09:31,497 - __main__ - INFO - Hybrid A* found path in 0.004s
2025-09-02 03:09:31,500 - __main__ - ERROR - Error navigating to waypoint 12: Python argument types in
    Map.get_waypoint(Map, Waypoint)
did not match C++ signature:
    get_waypoint(carla::client::Map {lvalue}, carla::geom::Location location, bool project_to_road=True, int lane_type=carla.libcarla.LaneType.Driving)
2025-09-02 03:09:32,510 - __main__ - INFO - 
Navigating to waypoint 13/14 (Original #3): [267.657074, 1.98316, 0.001678]
2025-09-02 03:09:32,513 - __main__ - INFO - Hybrid A* found path in 0.003s
2025-09-02 03:09:32,513 - __main__ - ERROR - Error navigating to waypoint 13: Python argument types in
    Map.get_waypoint(Map, Waypoint)
did not match C++ signature:
    get_waypoint(carla::client::Map {lvalue}, carla::geom::Location location, bool project_to_road=True, int lane_type=carla.libcarla.LaneType.Driving)
2025-09-02 03:09:33,389 - __main__ - INFO - Progress: 0/14 waypoints, Time: 13.0s, Distance: 0.0m
2025-09-02 03:09:33,517 - __main__ - INFO - 
Navigating to waypoint 14/14 (Original #4): [153.868896, 26.115866, 0.001678]
2025-09-02 03:09:33,519 - __main__ - INFO - Hybrid A* found path in 0.001s
2025-09-02 03:09:33,524 - __main__ - ERROR - Error navigating to waypoint 14: Python argument types in
    Map.get_waypoint(Map, Waypoint)
did not match C++ signature:
    get_waypoint(carla::client::Map {lvalue}, carla::geom::Location location, bool project_to_road=True, int lane_type=carla.libcarla.LaneType.Driving)
2025-09-02 03:09:34,527 - __main__ - INFO - 
Navigation complete!
2025-09-02 03:09:34,527 - __main__ - INFO - Results: 0/14 waypoints reached
2025-09-02 03:09:34,527 - __main__ - INFO - Total time: 14.2 seconds
2025-09-02 03:09:34,527 - __main__ - INFO - Total distance: 0.0 meters
2025-09-02 03:09:34,527 - __main__ - INFO - Average speed: 0.0 km/h
2025-09-02 03:09:34,527 - __main__ - INFO - Average time per waypoint: 1.0 seconds
2025-09-02 03:09:39,400 - __main__ - INFO - Progress: 0/14 waypoints, Time: 19.0s, Distance: 0.0m
2025-09-02 03:09:45,413 - __main__ - INFO - Progress: 0/14 waypoints, Time: 25.0s, Distance: 0.0m
2025-09-02 03:09:51,011 - __main__ - WARNING - Failed to respawn traffic vehicle: Spawn failed because of collision at spawn position
2025-09-02 03:09:51,163 - __main__ - WARNING - Failed to respawn traffic vehicle: Python argument types in
    Vehicle.set_autopilot(Vehicle, bool, float)
did not match C++ signature:
    set_autopilot(carla::client::Vehicle {lvalue}, bool enabled=True, unsigned short tm_port=8000)
2025-09-02 03:09:51,338 - __main__ - WARNING - Failed to respawn traffic vehicle: Python argument types in
    Vehicle.set_autopilot(Vehicle, bool, float)
did not match C++ signature:
    set_autopilot(carla::client::Vehicle {lvalue}, bool enabled=True, unsigned short tm_port=8000)
2025-09-02 03:09:51,423 - __main__ - INFO - Progress: 0/14 waypoints, Time: 31.1s, Distance: 0.0m
2025-09-02 03:09:51,481 - __main__ - WARNING - Failed to respawn traffic vehicle: Python argument types in
    Vehicle.set_autopilot(Vehicle, bool, float)
did not match C++ signature:
    set_autopilot(carla::client::Vehicle {lvalue}, bool enabled=True, unsigned short tm_port=8000)
2025-09-02 03:09:51,632 - __main__ - WARNING - Failed to respawn traffic vehicle: Python argument types in
    Vehicle.set_autopilot(Vehicle, bool, float)
did not match C++ signature:
    set_autopilot(carla::client::Vehicle {lvalue}, bool enabled=True, unsigned short tm_port=8000)
2025-09-02 03:09:51,801 - __main__ - WARNING - Failed to respawn traffic vehicle: Python argument types in
    Vehicle.set_autopilot(Vehicle, bool, float)
did not match C++ signature:
    set_autopilot(carla::client::Vehicle {lvalue}, bool enabled=True, unsigned short tm_port=8000)
2025-09-02 03:09:51,954 - __main__ - WARNING - Failed to respawn traffic vehicle: Python argument types in
    Vehicle.set_autopilot(Vehicle, bool, float)
did not match C++ signature:
    set_autopilot(carla::client::Vehicle {lvalue}, bool enabled=True, unsigned short tm_port=8000)
2025-09-02 03:09:52,138 - __main__ - WARNING - Failed to respawn traffic vehicle: Spawn failed because of collision at spawn position
2025-09-02 03:09:52,299 - __main__ - WARNING - Failed to respawn traffic vehicle: Python argument types in
    Vehicle.set_autopilot(Vehicle, bool, float)
did not match C++ signature:
    set_autopilot(carla::client::Vehicle {lvalue}, bool enabled=True, unsigned short tm_port=8000)
2025-09-02 03:09:52,481 - __main__ - WARNING - Failed to respawn traffic vehicle: Python argument types in
    Vehicle.set_autopilot(Vehicle, bool, float)
did not match C++ signature:
    set_autopilot(carla::client::Vehicle {lvalue}, bool enabled=True, unsigned short tm_port=8000)
2025-09-02 03:09:52,649 - __main__ - WARNING - Failed to respawn traffic vehicle: Python argument types in
    Vehicle.set_autopilot(Vehicle, bool, float)
did not match C++ signature:
    set_autopilot(carla::client::Vehicle {lvalue}, bool enabled=True, unsigned short tm_port=8000)
2025-09-02 03:09:52,832 - __main__ - WARNING - Failed to respawn traffic vehicle: Python argument types in
    Vehicle.set_autopilot(Vehicle, bool, float)
did not match C++ signature:
    set_autopilot(carla::client::Vehicle {lvalue}, bool enabled=True, unsigned short tm_port=8000)
2025-09-02 03:09:53,020 - __main__ - WARNING - Failed to respawn traffic vehicle: Python argument types in
    Vehicle.set_autopilot(Vehicle, bool, float)
did not match C++ signature:
    set_autopilot(carla::client::Vehicle {lvalue}, bool enabled=True, unsigned short tm_port=8000)
2025-09-02 03:09:53,180 - __main__ - WARNING - Failed to respawn traffic vehicle: Python argument types in
    Vehicle.set_autopilot(Vehicle, bool, float)
did not match C++ signature:
    set_autopilot(carla::client::Vehicle {lvalue}, bool enabled=True, unsigned short tm_port=8000)
2025-09-02 03:09:53,341 - __main__ - WARNING - Failed to respawn traffic vehicle: Python argument types in
    Vehicle.set_autopilot(Vehicle, bool, float)
did not match C++ signature:
    set_autopilot(carla::client::Vehicle {lvalue}, bool enabled=True, unsigned short tm_port=8000)
2025-09-02 03:09:53,503 - __main__ - WARNING - Failed to respawn traffic vehicle: Python argument types in
    Vehicle.set_autopilot(Vehicle, bool, float)
did not match C++ signature:
    set_autopilot(carla::client::Vehicle {lvalue}, bool enabled=True, unsigned short tm_port=8000)
2025-09-02 03:09:53,681 - __main__ - WARNING - Failed to respawn traffic vehicle: Python argument types in
    Vehicle.set_autopilot(Vehicle, bool, float)
did not match C++ signature:
    set_autopilot(carla::client::Vehicle {lvalue}, bool enabled=True, unsigned short tm_port=8000)
2025-09-02 03:09:53,852 - __main__ - WARNING - Failed to respawn traffic vehicle: Python argument types in
    Vehicle.set_autopilot(Vehicle, bool, float)
did not match C++ signature:
    set_autopilot(carla::client::Vehicle {lvalue}, bool enabled=True, unsigned short tm_port=8000)
2025-09-02 03:09:54,010 - __main__ - WARNING - Failed to respawn traffic vehicle: Python argument types in
    Vehicle.set_autopilot(Vehicle, bool, float)
did not match C++ signature:
    set_autopilot(carla::client::Vehicle {lvalue}, bool enabled=True, unsigned short tm_port=8000)
2025-09-02 03:09:54,171 - __main__ - WARNING - Failed to respawn traffic vehicle: Python argument types in
    Vehicle.set_autopilot(Vehicle, bool, float)
did not match C++ signature:
    set_autopilot(carla::client::Vehicle {lvalue}, bool enabled=True, unsigned short tm_port=8000)
2025-09-02 03:09:54,171 - __main__ - INFO - Respawned 20 traffic vehicles
2025-09-02 03:09:57,438 - __main__ - INFO - Progress: 0/14 waypoints, Time: 37.1s, Distance: 0.0m
2025-09-02 03:10:03,457 - __main__ - INFO - Progress: 0/14 waypoints, Time: 43.1s, Distance: 0.0m
2025-09-02 03:10:07,976 - __main__ - INFO - Received signal 2, shutting down...
2025-09-02 03:10:07,976 - __main__ - INFO - Cleaning up resources...
2025-09-02 03:10:09,011 - __main__ - INFO - Sensor fusion system stopped
2025-09-02 03:10:09,033 - __main__ - INFO - Optical avoidance system stopped
2025-09-02 03:10:09,074 - __main__ - INFO - Traffic light detector stopped
2025-09-02 03:10:10,074 - __main__ - INFO - V2X communication stopped
2025-09-02 03:10:11,115 - __main__ - INFO - Cleanup complete
2025-09-02 03:10:11,115 - __main__ - INFO - Cleaning up resources...
2025-09-02 03:10:11,121 - __main__ - INFO - Cleaning up resources...
2025-09-07 19:25:38,531 - __main__ - INFO - Adaptive PID controller initialized
2025-09-07 19:25:38,532 - __main__ - INFO - V2X communication initialized on port 8888
2025-09-07 19:25:38,567 - __main__ - INFO - Hybrid A* pathfinding initialized
2025-09-07 19:25:38,567 - __main__ - INFO - Advanced route optimizer initialized
2025-09-07 19:25:38,568 - __main__ - INFO - Ultimate CARLA Navigator initialized
2025-09-07 19:25:38,718 - __main__ - INFO - Vehicle spawned at Location(x=283.672272, y=129.489975, z=0.300000)
2025-09-07 19:25:39,930 - __main__ - INFO - All sensors set up successfully
2025-09-07 19:25:39,930 - __main__ - INFO - Multi-modal sensor fusion system initialized
2025-09-07 19:25:39,931 - __main__ - INFO - Sensor fusion system started
2025-09-07 19:25:39,931 - __main__ - INFO - Advanced optical avoidance system initialized
2025-09-07 19:25:39,931 - __main__ - ERROR - Error in optical avoidance processing loop: 'NoneType' object has no attribute 'copy'
2025-09-07 19:25:39,931 - __main__ - INFO - Optical avoidance system started
2025-09-07 19:25:39,931 - __main__ - INFO - Advanced traffic light detector initialized
2025-09-07 19:25:39,932 - __main__ - ERROR - Error in optical avoidance processing loop: 'NoneType' object has no attribute 'copy'
2025-09-07 19:25:39,942 - __main__ - ERROR - Error in optical avoidance processing loop: 'NoneType' object has no attribute 'copy'
2025-09-07 19:25:39,943 - __main__ - INFO - Traffic light detector started
2025-09-07 19:25:39,946 - __main__ - ERROR - Error in optical avoidance processing loop: 'NoneType' object has no attribute 'copy'
2025-09-07 19:25:39,946 - __main__ - ERROR - Error in optical avoidance processing loop: 'NoneType' object has no attribute 'copy'
2025-09-07 19:25:39,946 - __main__ - ERROR - Error in optical avoidance processing loop: 'NoneType' object has no attribute 'copy'
2025-09-07 19:25:39,947 - __main__ - ERROR - Error in optical avoidance processing loop: 'NoneType' object has no attribute 'copy'
2025-09-07 19:25:39,947 - __main__ - ERROR - Error in optical avoidance processing loop: 'NoneType' object has no attribute 'copy'
2025-09-07 19:25:39,947 - __main__ - ERROR - Error in optical avoidance processing loop: 'NoneType' object has no attribute 'copy'
2025-09-07 19:25:39,947 - __main__ - ERROR - Error in optical avoidance processing loop: 'NoneType' object has no attribute 'copy'
2025-09-07 19:25:39,947 - __main__ - ERROR - Error in optical avoidance processing loop: 'NoneType' object has no attribute 'copy'
2025-09-07 19:25:39,947 - __main__ - ERROR - Error in optical avoidance processing loop: 'NoneType' object has no attribute 'copy'
2025-09-07 19:25:39,947 - __main__ - ERROR - Error in optical avoidance processing loop: 'NoneType' object has no attribute 'copy'
2025-09-07 19:25:39,947 - __main__ - ERROR - Error in optical avoidance processing loop: 'NoneType' object has no attribute 'copy'
2025-09-07 19:25:39,947 - __main__ - ERROR - Error in optical avoidance processing loop: 'NoneType' object has no attribute 'copy'
2025-09-07 19:25:39,947 - __main__ - ERROR - Error in optical avoidance processing loop: 'NoneType' object has no attribute 'copy'
2025-09-07 19:25:39,947 - __main__ - ERROR - Error in optical avoidance processing loop: 'NoneType' object has no attribute 'copy'
2025-09-07 19:25:39,947 - __main__ - ERROR - Error in optical avoidance processing loop: 'NoneType' object has no attribute 'copy'
2025-09-07 19:25:39,947 - __main__ - ERROR - Error in optical avoidance processing loop: 'NoneType' object has no attribute 'copy'
2025-09-07 19:25:39,947 - __main__ - ERROR - Error in optical avoidance processing loop: 'NoneType' object has no attribute 'copy'
2025-09-07 19:25:39,947 - __main__ - ERROR - Error in optical avoidance processing loop: 'NoneType' object has no attribute 'copy'
2025-09-07 19:25:39,947 - __main__ - ERROR - Error in optical avoidance processing loop: 'NoneType' object has no attribute 'copy'
2025-09-07 19:25:39,947 - __main__ - ERROR - Error in optical avoidance processing loop: 'NoneType' object has no attribute 'copy'
2025-09-07 19:25:39,948 - __main__ - ERROR - Error in optical avoidance processing loop: 'NoneType' object has no attribute 'copy'
2025-09-07 19:25:39,948 - __main__ - ERROR - Error in optical avoidance processing loop: 'NoneType' object has no attribute 'copy'
2025-09-07 19:25:39,948 - __main__ - ERROR - Error in optical avoidance processing loop: 'NoneType' object has no attribute 'copy'
2025-09-07 19:25:39,948 - __main__ - ERROR - Error in optical avoidance processing loop: 'NoneType' object has no attribute 'copy'
2025-09-07 19:25:39,948 - __main__ - ERROR - Error in optical avoidance processing loop: 'NoneType' object has no attribute 'copy'
2025-09-07 19:25:39,948 - __main__ - ERROR - Error in optical avoidance processing loop: 'NoneType' object has no attribute 'copy'
2025-09-07 19:25:39,948 - __main__ - ERROR - Error in optical avoidance processing loop: 'NoneType' object has no attribute 'copy'
2025-09-07 19:25:39,948 - __main__ - ERROR - Error in optical avoidance processing loop: 'NoneType' object has no attribute 'copy'
2025-09-07 19:25:39,961 - __main__ - ERROR - Error determining avoidance action: too many values to unpack (expected 2)
2025-09-07 19:25:40,018 - __main__ - ERROR - Error determining avoidance action: too many values to unpack (expected 2)
2025-09-07 19:25:42,389 - __main__ - INFO - Optimizing waypoint order using advanced algorithms...
2025-09-07 19:25:42,389 - __main__ - INFO - Trying nearest_neighbor algorithm...
2025-09-07 19:25:42,810 - __main__ - INFO - nearest_neighbor distance: 2713.0m
2025-09-07 19:25:42,810 - __main__ - INFO - Trying 2opt algorithm...
2025-09-07 19:25:42,853 - __main__ - INFO - 2-opt optimization completed in 3 iterations
2025-09-07 19:25:42,860 - __main__ - INFO - 2opt distance: 2565.8m
2025-09-07 19:25:42,860 - __main__ - INFO - Trying genetic algorithm...
2025-09-07 19:25:43,241 - __main__ - INFO - Genetic algorithm generation 0, best distance: 3413.0
2025-09-07 19:25:43,244 - __main__ - ERROR - Error with genetic algorithm: tuple index out of range
2025-09-07 19:25:43,244 - __main__ - INFO - Trying simulated_annealing algorithm...
2025-09-07 19:25:43,254 - __main__ - INFO - Simulated annealing iteration 100, temperature: 5.92, best distance: 2713.0
2025-09-07 19:25:43,257 - __main__ - INFO - Simulated annealing completed in 135 iterations
2025-09-07 19:25:43,258 - __main__ - INFO - simulated_annealing distance: 2713.0m
2025-09-07 19:25:43,258 - __main__ - INFO - Original order distance: 4859.2m
2025-09-07 19:25:43,258 - __main__ - INFO - Best algorithm: 2opt, distance: 2565.8m
2025-09-07 19:25:43,258 - __main__ - INFO - Distance saved: 2293.4m (47.2%)
2025-09-07 19:25:43,258 - __main__ - INFO - Optimized route order:
2025-09-07 19:25:43,258 - __main__ - INFO -   Stop 1: Waypoint 0 [334.949799, 161.106171, 0.001736]
2025-09-07 19:25:43,258 - __main__ - INFO -   Stop 2: Waypoint 1 [339.100037, 258.568939, 0.001679]
2025-09-07 19:25:43,259 - __main__ - INFO -   Stop 3: Waypoint 13 [184.758713, 199.424271, 0.00168]
2025-09-07 19:25:43,259 - __main__ - INFO -   Stop 4: Waypoint 12 [161.030975, 129.313187, 0.001679]
2025-09-07 19:25:43,259 - __main__ - INFO -   Stop 5: Waypoint 6 [92.325722, 86.063644, 0.001677]
2025-09-07 19:25:43,259 - __main__ - INFO -   Stop 6: Waypoint 11 [122.100121, 55.142044, 0.001596]
2025-09-07 19:25:43,259 - __main__ - INFO -   Stop 7: Waypoint 10 [59.701321, 1.970804, 0.001467]
2025-09-07 19:25:43,259 - __main__ - INFO -   Stop 8: Waypoint 3 [267.657074, 1.98316, 0.001678]
2025-09-07 19:25:43,259 - __main__ - INFO -   Stop 9: Waypoint 5 [290.515564, 56.175072, 0.001677]
2025-09-07 19:25:43,259 - __main__ - INFO -   Stop 10: Waypoint 4 [153.868896, 26.115866, 0.001678]
2025-09-07 19:25:43,259 - __main__ - INFO -   Stop 11: Waypoint 9 [-1.646942, 197.501282, 0.001555]
2025-09-07 19:25:43,259 - __main__ - INFO -   Stop 12: Waypoint 7 [88.384346, 287.468567, 0.001728]
2025-09-07 19:25:43,259 - __main__ - INFO -   Stop 13: Waypoint 8 [177.594101, 326.386902, 0.001677]
2025-09-07 19:25:43,259 - __main__ - INFO -   Stop 14: Waypoint 2 [396.295319, 183.19574, 0.001678]
2025-09-07 19:25:43,484 - __main__ - WARNING - Failed to spawn traffic vehicle: Python argument types in
    Vehicle.set_autopilot(Vehicle, bool, float)
did not match C++ signature:
    set_autopilot(carla::client::Vehicle {lvalue}, bool enabled=True, unsigned short tm_port=8000)
2025-09-07 19:25:43,639 - __main__ - WARNING - Failed to spawn traffic vehicle: Python argument types in
    Vehicle.set_autopilot(Vehicle, bool, float)
did not match C++ signature:
    set_autopilot(carla::client::Vehicle {lvalue}, bool enabled=True, unsigned short tm_port=8000)
2025-09-07 19:25:43,901 - __main__ - WARNING - Failed to spawn traffic vehicle: Python argument types in
    Vehicle.set_autopilot(Vehicle, bool, float)
did not match C++ signature:
    set_autopilot(carla::client::Vehicle {lvalue}, bool enabled=True, unsigned short tm_port=8000)
2025-09-07 19:25:44,068 - __main__ - WARNING - Failed to spawn traffic vehicle: Python argument types in
    Vehicle.set_autopilot(Vehicle, bool, float)
did not match C++ signature:
    set_autopilot(carla::client::Vehicle {lvalue}, bool enabled=True, unsigned short tm_port=8000)
2025-09-07 19:25:44,241 - __main__ - WARNING - Failed to spawn traffic vehicle: Python argument types in
    Vehicle.set_autopilot(Vehicle, bool, float)
did not match C++ signature:
    set_autopilot(carla::client::Vehicle {lvalue}, bool enabled=True, unsigned short tm_port=8000)
2025-09-07 19:25:44,646 - __main__ - WARNING - Failed to spawn traffic vehicle: Python argument types in
    Vehicle.set_autopilot(Vehicle, bool, float)
did not match C++ signature:
    set_autopilot(carla::client::Vehicle {lvalue}, bool enabled=True, unsigned short tm_port=8000)
2025-09-07 19:25:44,935 - __main__ - WARNING - Failed to spawn traffic vehicle: Python argument types in
    Vehicle.set_autopilot(Vehicle, bool, float)
did not match C++ signature:
    set_autopilot(carla::client::Vehicle {lvalue}, bool enabled=True, unsigned short tm_port=8000)
2025-09-07 19:25:45,098 - __main__ - WARNING - Failed to spawn traffic vehicle: Python argument types in
    Vehicle.set_autopilot(Vehicle, bool, float)
did not match C++ signature:
    set_autopilot(carla::client::Vehicle {lvalue}, bool enabled=True, unsigned short tm_port=8000)
2025-09-07 19:25:45,267 - __main__ - WARNING - Failed to spawn traffic vehicle: Python argument types in
    Vehicle.set_autopilot(Vehicle, bool, float)
did not match C++ signature:
    set_autopilot(carla::client::Vehicle {lvalue}, bool enabled=True, unsigned short tm_port=8000)
2025-09-07 19:25:45,408 - __main__ - WARNING - Failed to spawn traffic vehicle: Python argument types in
    Vehicle.set_autopilot(Vehicle, bool, float)
did not match C++ signature:
    set_autopilot(carla::client::Vehicle {lvalue}, bool enabled=True, unsigned short tm_port=8000)
2025-09-07 19:25:45,557 - __main__ - WARNING - Failed to spawn traffic vehicle: Python argument types in
    Vehicle.set_autopilot(Vehicle, bool, float)
did not match C++ signature:
    set_autopilot(carla::client::Vehicle {lvalue}, bool enabled=True, unsigned short tm_port=8000)
2025-09-07 19:25:45,765 - __main__ - WARNING - Failed to spawn traffic vehicle: Python argument types in
    Vehicle.set_autopilot(Vehicle, bool, float)
did not match C++ signature:
    set_autopilot(carla::client::Vehicle {lvalue}, bool enabled=True, unsigned short tm_port=8000)
2025-09-07 19:25:46,062 - __main__ - WARNING - Failed to spawn traffic vehicle: Python argument types in
    Vehicle.set_autopilot(Vehicle, bool, float)
did not match C++ signature:
    set_autopilot(carla::client::Vehicle {lvalue}, bool enabled=True, unsigned short tm_port=8000)
2025-09-07 19:25:46,207 - __main__ - WARNING - Failed to spawn traffic vehicle: Python argument types in
    Vehicle.set_autopilot(Vehicle, bool, float)
did not match C++ signature:
    set_autopilot(carla::client::Vehicle {lvalue}, bool enabled=True, unsigned short tm_port=8000)
2025-09-07 19:25:46,390 - __main__ - WARNING - Failed to spawn traffic vehicle: Python argument types in
    Vehicle.set_autopilot(Vehicle, bool, float)
did not match C++ signature:
    set_autopilot(carla::client::Vehicle {lvalue}, bool enabled=True, unsigned short tm_port=8000)
2025-09-07 19:25:46,547 - __main__ - WARNING - Failed to spawn traffic vehicle: Python argument types in
    Vehicle.set_autopilot(Vehicle, bool, float)
did not match C++ signature:
    set_autopilot(carla::client::Vehicle {lvalue}, bool enabled=True, unsigned short tm_port=8000)
2025-09-07 19:25:46,788 - __main__ - WARNING - Failed to spawn traffic vehicle: Python argument types in
    Vehicle.set_autopilot(Vehicle, bool, float)
did not match C++ signature:
    set_autopilot(carla::client::Vehicle {lvalue}, bool enabled=True, unsigned short tm_port=8000)
2025-09-07 19:25:46,930 - __main__ - WARNING - Failed to spawn traffic vehicle: Python argument types in
    Vehicle.set_autopilot(Vehicle, bool, float)
did not match C++ signature:
    set_autopilot(carla::client::Vehicle {lvalue}, bool enabled=True, unsigned short tm_port=8000)
2025-09-07 19:25:47,080 - __main__ - WARNING - Failed to spawn traffic vehicle: Python argument types in
    Vehicle.set_autopilot(Vehicle, bool, float)
did not match C++ signature:
    set_autopilot(carla::client::Vehicle {lvalue}, bool enabled=True, unsigned short tm_port=8000)
2025-09-07 19:25:47,229 - __main__ - WARNING - Failed to spawn traffic vehicle: Python argument types in
    Vehicle.set_autopilot(Vehicle, bool, float)
did not match C++ signature:
    set_autopilot(carla::client::Vehicle {lvalue}, bool enabled=True, unsigned short tm_port=8000)
2025-09-07 19:25:47,235 - __main__ - INFO - Spawned 0 traffic vehicles and 0 pedestrians
2025-09-07 19:25:47,237 - __main__ - INFO - Visualized 14 waypoints as dots with labels
2025-09-07 19:25:47,239 - __main__ - INFO - Hybrid A* found path in 0.002s
2025-09-07 19:25:47,239 - __main__ - ERROR - Error visualizing complete route: Python argument types in
    Map.get_waypoint(Map, Waypoint)
did not match C++ signature:
    get_waypoint(carla::client::Map {lvalue}, carla::geom::Location location, bool project_to_road=True, int lane_type=carla.libcarla.LaneType.Driving)
2025-09-07 19:25:47,240 - __main__ - INFO - 
Starting navigation to 14 waypoints in optimized order
2025-09-07 19:25:47,240 - __main__ - INFO - Route order: [0, 1, 13, 12, 6, 11, 10, 3, 5, 4, 9, 7, 8, 2]
2025-09-07 19:25:47,240 - __main__ - INFO - 
Navigating to waypoint 1/14 (Original #0): [334.949799, 161.106171, 0.001736]
2025-09-07 19:25:47,240 - __main__ - INFO - 
Keeping visualization active. Press Ctrl+C to exit...
2025-09-07 19:25:47,244 - __main__ - INFO - Hybrid A* found path in 0.004s
2025-09-07 19:25:47,245 - __main__ - ERROR - Error navigating to waypoint 1: Python argument types in
    Map.get_waypoint(Map, Waypoint)
did not match C++ signature:
    get_waypoint(carla::client::Map {lvalue}, carla::geom::Location location, bool project_to_road=True, int lane_type=carla.libcarla.LaneType.Driving)
2025-09-07 19:25:47,524 - __main__ - WARNING - Failed to respawn traffic vehicle: Python argument types in
    Vehicle.set_autopilot(Vehicle, bool, float)
did not match C++ signature:
    set_autopilot(carla::client::Vehicle {lvalue}, bool enabled=True, unsigned short tm_port=8000)
2025-09-07 19:25:47,684 - __main__ - WARNING - Failed to respawn traffic vehicle: Spawn failed because of collision at spawn position
2025-09-07 19:25:47,833 - __main__ - WARNING - Failed to respawn traffic vehicle: Python argument types in
    Vehicle.set_autopilot(Vehicle, bool, float)
did not match C++ signature:
    set_autopilot(carla::client::Vehicle {lvalue}, bool enabled=True, unsigned short tm_port=8000)
2025-09-07 19:25:47,978 - __main__ - WARNING - Failed to respawn traffic vehicle: Python argument types in
    Vehicle.set_autopilot(Vehicle, bool, float)
did not match C++ signature:
    set_autopilot(carla::client::Vehicle {lvalue}, bool enabled=True, unsigned short tm_port=8000)
2025-09-07 19:25:48,123 - __main__ - WARNING - Failed to respawn traffic vehicle: Python argument types in
    Vehicle.set_autopilot(Vehicle, bool, float)
did not match C++ signature:
    set_autopilot(carla::client::Vehicle {lvalue}, bool enabled=True, unsigned short tm_port=8000)
2025-09-07 19:25:48,246 - __main__ - INFO - 
Navigating to waypoint 2/14 (Original #1): [339.100037, 258.568939, 0.001679]
2025-09-07 19:25:48,246 - __main__ - INFO - Progress: 0/14 waypoints, Time: 1.0s, Distance: 0.0m
2025-09-07 19:25:48,255 - __main__ - INFO - Hybrid A* found path in 0.004s
2025-09-07 19:25:48,258 - __main__ - ERROR - Error navigating to waypoint 2: Python argument types in
    Map.get_waypoint(Map, Waypoint)
did not match C++ signature:
    get_waypoint(carla::client::Map {lvalue}, carla::geom::Location location, bool project_to_road=True, int lane_type=carla.libcarla.LaneType.Driving)
2025-09-07 19:25:48,280 - __main__ - WARNING - Failed to respawn traffic vehicle: Python argument types in
    Vehicle.set_autopilot(Vehicle, bool, float)
did not match C++ signature:
    set_autopilot(carla::client::Vehicle {lvalue}, bool enabled=True, unsigned short tm_port=8000)
2025-09-07 19:25:48,454 - __main__ - WARNING - Failed to respawn traffic vehicle: Python argument types in
    Vehicle.set_autopilot(Vehicle, bool, float)
did not match C++ signature:
    set_autopilot(carla::client::Vehicle {lvalue}, bool enabled=True, unsigned short tm_port=8000)
2025-09-07 19:25:48,606 - __main__ - WARNING - Failed to respawn traffic vehicle: Python argument types in
    Vehicle.set_autopilot(Vehicle, bool, float)
did not match C++ signature:
    set_autopilot(carla::client::Vehicle {lvalue}, bool enabled=True, unsigned short tm_port=8000)
2025-09-07 19:25:48,794 - __main__ - WARNING - Failed to respawn traffic vehicle: Python argument types in
    Vehicle.set_autopilot(Vehicle, bool, float)
did not match C++ signature:
    set_autopilot(carla::client::Vehicle {lvalue}, bool enabled=True, unsigned short tm_port=8000)
2025-09-07 19:25:48,941 - __main__ - WARNING - Failed to respawn traffic vehicle: Python argument types in
    Vehicle.set_autopilot(Vehicle, bool, float)
did not match C++ signature:
    set_autopilot(carla::client::Vehicle {lvalue}, bool enabled=True, unsigned short tm_port=8000)
2025-09-07 19:25:49,129 - __main__ - WARNING - Failed to respawn traffic vehicle: Python argument types in
    Vehicle.set_autopilot(Vehicle, bool, float)
did not match C++ signature:
    set_autopilot(carla::client::Vehicle {lvalue}, bool enabled=True, unsigned short tm_port=8000)
2025-09-07 19:25:49,266 - __main__ - INFO - 
Navigating to waypoint 3/14 (Original #13): [184.758713, 199.424271, 0.00168]
2025-09-07 19:25:49,286 - __main__ - INFO - Hybrid A* found path in 0.003s
2025-09-07 19:25:49,291 - __main__ - ERROR - Error navigating to waypoint 3: Python argument types in
    Map.get_waypoint(Map, Waypoint)
did not match C++ signature:
    get_waypoint(carla::client::Map {lvalue}, carla::geom::Location location, bool project_to_road=True, int lane_type=carla.libcarla.LaneType.Driving)
2025-09-07 19:25:49,338 - __main__ - WARNING - Failed to respawn traffic vehicle: Python argument types in
    Vehicle.set_autopilot(Vehicle, bool, float)
did not match C++ signature:
    set_autopilot(carla::client::Vehicle {lvalue}, bool enabled=True, unsigned short tm_port=8000)
2025-09-07 19:25:49,602 - __main__ - WARNING - Failed to respawn traffic vehicle: Python argument types in
    Vehicle.set_autopilot(Vehicle, bool, float)
did not match C++ signature:
    set_autopilot(carla::client::Vehicle {lvalue}, bool enabled=True, unsigned short tm_port=8000)
2025-09-07 19:25:49,878 - __main__ - WARNING - Failed to respawn traffic vehicle: Python argument types in
    Vehicle.set_autopilot(Vehicle, bool, float)
did not match C++ signature:
    set_autopilot(carla::client::Vehicle {lvalue}, bool enabled=True, unsigned short tm_port=8000)
2025-09-07 19:25:50,176 - __main__ - WARNING - Failed to respawn traffic vehicle: Python argument types in
    Vehicle.set_autopilot(Vehicle, bool, float)
did not match C++ signature:
    set_autopilot(carla::client::Vehicle {lvalue}, bool enabled=True, unsigned short tm_port=8000)
2025-09-07 19:25:50,295 - __main__ - INFO - 
Navigating to waypoint 4/14 (Original #12): [161.030975, 129.313187, 0.001679]
2025-09-07 19:25:50,304 - __main__ - INFO - Hybrid A* found path in 0.003s
2025-09-07 19:25:50,316 - __main__ - INFO - Path planned: 19 waypoints
2025-09-07 19:25:50,317 - __main__ - ERROR - Error sending position via V2X: Pickling of "carla.libcarla.Location" instances is not enabled (http://www.boost.org/libs/python/doc/v2/pickle.html)
2025-09-07 19:25:50,318 - __main__ - ERROR - Error following waypoints: 'AdvancedTrafficLightDetector' object has no attribute 'update'
2025-09-07 19:25:50,319 - __main__ - WARNING - Close to waypoint 4 (distance: 122.6m)
2025-09-07 19:25:50,441 - __main__ - WARNING - Failed to respawn traffic vehicle: Python argument types in
    Vehicle.set_autopilot(Vehicle, bool, float)
did not match C++ signature:
    set_autopilot(carla::client::Vehicle {lvalue}, bool enabled=True, unsigned short tm_port=8000)
2025-09-07 19:25:50,672 - __main__ - WARNING - Failed to respawn traffic vehicle: Spawn failed because of collision at spawn position
2025-09-07 19:25:50,964 - __main__ - WARNING - Failed to respawn traffic vehicle: Python argument types in
    Vehicle.set_autopilot(Vehicle, bool, float)
did not match C++ signature:
    set_autopilot(carla::client::Vehicle {lvalue}, bool enabled=True, unsigned short tm_port=8000)
2025-09-07 19:25:51,218 - __main__ - WARNING - Failed to respawn traffic vehicle: Python argument types in
    Vehicle.set_autopilot(Vehicle, bool, float)
did not match C++ signature:
    set_autopilot(carla::client::Vehicle {lvalue}, bool enabled=True, unsigned short tm_port=8000)
2025-09-07 19:25:51,219 - __main__ - INFO - Respawned 20 traffic vehicles
2025-09-07 19:25:51,334 - __main__ - INFO - 
Navigating to waypoint 5/14 (Original #6): [92.325722, 86.063644, 0.001677]
2025-09-07 19:25:51,346 - __main__ - INFO - Hybrid A* found path in 0.005s
2025-09-07 19:25:51,347 - __main__ - ERROR - Error navigating to waypoint 5: Python argument types in
    Map.get_waypoint(Map, Waypoint)
did not match C++ signature:
    get_waypoint(carla::client::Map {lvalue}, carla::geom::Location location, bool project_to_road=True, int lane_type=carla.libcarla.LaneType.Driving)
2025-09-07 19:25:52,348 - __main__ - INFO - 
Navigating to waypoint 6/14 (Original #11): [122.100121, 55.142044, 0.001596]
2025-09-07 19:25:52,350 - __main__ - INFO - Hybrid A* found path in 0.002s
2025-09-07 19:25:52,350 - __main__ - ERROR - Error navigating to waypoint 6: Python argument types in
    Map.get_waypoint(Map, Waypoint)
did not match C++ signature:
    get_waypoint(carla::client::Map {lvalue}, carla::geom::Location location, bool project_to_road=True, int lane_type=carla.libcarla.LaneType.Driving)
2025-09-07 19:25:53,351 - __main__ - INFO - 
Navigating to waypoint 7/14 (Original #10): [59.701321, 1.970804, 0.001467]
2025-09-07 19:25:53,354 - __main__ - INFO - Hybrid A* found path in 0.003s
2025-09-07 19:25:53,354 - __main__ - ERROR - Error navigating to waypoint 7: Python argument types in
    Map.get_waypoint(Map, Waypoint)
did not match C++ signature:
    get_waypoint(carla::client::Map {lvalue}, carla::geom::Location location, bool project_to_road=True, int lane_type=carla.libcarla.LaneType.Driving)
2025-09-07 19:25:54,278 - __main__ - INFO - Progress: 0/14 waypoints, Time: 7.0s, Distance: 0.0m
2025-09-07 19:25:54,358 - __main__ - INFO - 
Navigating to waypoint 8/14 (Original #3): [267.657074, 1.98316, 0.001678]
2025-09-07 19:25:54,364 - __main__ - INFO - Hybrid A* found path in 0.005s
2025-09-07 19:25:54,370 - __main__ - ERROR - Error navigating to waypoint 8: Python argument types in
    Map.get_waypoint(Map, Waypoint)
did not match C++ signature:
    get_waypoint(carla::client::Map {lvalue}, carla::geom::Location location, bool project_to_road=True, int lane_type=carla.libcarla.LaneType.Driving)
2025-09-07 19:25:55,396 - __main__ - INFO - 
Navigating to waypoint 9/14 (Original #5): [290.515564, 56.175072, 0.001677]
2025-09-07 19:25:55,405 - __main__ - INFO - Hybrid A* found path in 0.004s
2025-09-07 19:25:55,411 - __main__ - ERROR - Error navigating to waypoint 9: Python argument types in
    Map.get_waypoint(Map, Waypoint)
did not match C++ signature:
    get_waypoint(carla::client::Map {lvalue}, carla::geom::Location location, bool project_to_road=True, int lane_type=carla.libcarla.LaneType.Driving)
2025-09-07 19:25:56,412 - __main__ - INFO - 
Navigating to waypoint 10/14 (Original #4): [153.868896, 26.115866, 0.001678]
2025-09-07 19:25:56,413 - __main__ - INFO - Hybrid A* found path in 0.001s
2025-09-07 19:25:56,414 - __main__ - ERROR - Error navigating to waypoint 10: Python argument types in
    Map.get_waypoint(Map, Waypoint)
did not match C++ signature:
    get_waypoint(carla::client::Map {lvalue}, carla::geom::Location location, bool project_to_road=True, int lane_type=carla.libcarla.LaneType.Driving)
2025-09-07 19:25:57,418 - __main__ - INFO - 
Navigating to waypoint 11/14 (Original #9): [-1.646942, 197.501282, 0.001555]
2025-09-07 19:25:57,428 - __main__ - INFO - Hybrid A* found path in 0.005s
2025-09-07 19:25:57,433 - __main__ - ERROR - Error navigating to waypoint 11: Python argument types in
    Map.get_waypoint(Map, Waypoint)
did not match C++ signature:
    get_waypoint(carla::client::Map {lvalue}, carla::geom::Location location, bool project_to_road=True, int lane_type=carla.libcarla.LaneType.Driving)
2025-09-07 19:25:58,434 - __main__ - INFO - 
Navigating to waypoint 12/14 (Original #7): [88.384346, 287.468567, 0.001728]
2025-09-07 19:25:58,437 - __main__ - INFO - Hybrid A* found path in 0.003s
2025-09-07 19:25:58,437 - __main__ - ERROR - Error navigating to waypoint 12: Python argument types in
    Map.get_waypoint(Map, Waypoint)
did not match C++ signature:
    get_waypoint(carla::client::Map {lvalue}, carla::geom::Location location, bool project_to_road=True, int lane_type=carla.libcarla.LaneType.Driving)
2025-09-07 19:25:59,438 - __main__ - INFO - 
Navigating to waypoint 13/14 (Original #8): [177.594101, 326.386902, 0.001677]
2025-09-07 19:25:59,439 - __main__ - INFO - Hybrid A* found path in 0.001s
2025-09-07 19:25:59,439 - __main__ - ERROR - Error navigating to waypoint 13: Python argument types in
    Map.get_waypoint(Map, Waypoint)
did not match C++ signature:
    get_waypoint(carla::client::Map {lvalue}, carla::geom::Location location, bool project_to_road=True, int lane_type=carla.libcarla.LaneType.Driving)
2025-09-07 19:26:00,293 - __main__ - INFO - Progress: 0/14 waypoints, Time: 13.1s, Distance: 0.0m
2025-09-07 19:26:00,440 - __main__ - INFO - 
Navigating to waypoint 14/14 (Original #2): [396.295319, 183.19574, 0.001678]
2025-09-07 19:26:00,449 - __main__ - INFO - Hybrid A* found path in 0.003s
2025-09-07 19:26:00,482 - __main__ - ERROR - Error navigating to waypoint 14: Python argument types in
    Map.get_waypoint(Map, Waypoint)
did not match C++ signature:
    get_waypoint(carla::client::Map {lvalue}, carla::geom::Location location, bool project_to_road=True, int lane_type=carla.libcarla.LaneType.Driving)
2025-09-07 19:26:01,489 - __main__ - INFO - 
Navigation complete!
2025-09-07 19:26:01,490 - __main__ - INFO - Results: 0/14 waypoints reached
2025-09-07 19:26:01,490 - __main__ - INFO - Total time: 14.2 seconds
2025-09-07 19:26:01,490 - __main__ - INFO - Total distance: 0.0 meters
2025-09-07 19:26:01,495 - __main__ - INFO - Average speed: 0.0 km/h
2025-09-07 19:26:01,502 - __main__ - INFO - Average time per waypoint: 1.0 seconds
2025-09-07 19:26:04,219 - __main__ - INFO - Received signal 2, shutting down...
2025-09-07 19:26:04,219 - __main__ - INFO - Cleaning up resources...
2025-09-07 19:26:05,345 - __main__ - INFO - Sensor fusion system stopped
2025-09-07 19:26:05,390 - __main__ - INFO - Optical avoidance system stopped
2025-09-07 19:26:05,452 - __main__ - INFO - Traffic light detector stopped
2025-09-07 19:26:06,452 - __main__ - INFO - V2X communication stopped
2025-09-07 19:26:07,551 - __main__ - INFO - Cleanup complete
2025-09-07 19:26:07,552 - __main__ - INFO - Cleaning up resources...
2025-09-07 19:26:07,556 - __main__ - INFO - Cleaning up resources...
2025-09-07 19:26:13,612 - __main__ - INFO - Adaptive PID controller initialized
2025-09-07 19:26:13,614 - __main__ - INFO - V2X communication initialized on port 8888
2025-09-07 19:26:13,663 - __main__ - INFO - Hybrid A* pathfinding initialized
2025-09-07 19:26:13,663 - __main__ - INFO - Advanced route optimizer initialized
2025-09-07 19:26:13,663 - __main__ - INFO - Ultimate CARLA Navigator initialized
2025-09-07 19:26:13,929 - __main__ - INFO - Vehicle spawned at Location(x=283.672272, y=129.489975, z=0.300000)
2025-09-07 19:26:15,571 - __main__ - INFO - All sensors set up successfully
2025-09-07 19:26:15,572 - __main__ - INFO - Multi-modal sensor fusion system initialized
2025-09-07 19:26:15,572 - __main__ - INFO - Sensor fusion system started
2025-09-07 19:26:15,573 - __main__ - INFO - Advanced optical avoidance system initialized
2025-09-07 19:26:15,573 - __main__ - ERROR - Error in optical avoidance processing loop: 'NoneType' object has no attribute 'copy'
2025-09-07 19:26:15,578 - __main__ - INFO - Optical avoidance system started
2025-09-07 19:26:15,584 - __main__ - ERROR - Error in optical avoidance processing loop: 'NoneType' object has no attribute 'copy'
2025-09-07 19:26:15,589 - __main__ - INFO - Advanced traffic light detector initialized
2025-09-07 19:26:15,589 - __main__ - ERROR - Error in optical avoidance processing loop: 'NoneType' object has no attribute 'copy'
2025-09-07 19:26:15,589 - __main__ - ERROR - Error in optical avoidance processing loop: 'NoneType' object has no attribute 'copy'
2025-09-07 19:26:15,595 - __main__ - INFO - Traffic light detector started
2025-09-07 19:26:15,615 - __main__ - ERROR - Error determining avoidance action: too many values to unpack (expected 2)
2025-09-07 19:26:15,675 - __main__ - ERROR - Error determining avoidance action: too many values to unpack (expected 2)
2025-09-07 19:26:15,726 - __main__ - ERROR - Error determining avoidance action: too many values to unpack (expected 2)
2025-09-07 19:26:18,231 - __main__ - INFO - Optimizing waypoint order using advanced algorithms...
2025-09-07 19:26:18,231 - __main__ - INFO - Trying nearest_neighbor algorithm...
2025-09-07 19:26:18,843 - __main__ - INFO - nearest_neighbor distance: 2413.3m
2025-09-07 19:26:18,845 - __main__ - INFO - Trying 2opt algorithm...
2025-09-07 19:26:18,922 - __main__ - INFO - 2-opt optimization completed in 1 iterations
2025-09-07 19:26:18,923 - __main__ - INFO - 2opt distance: 2413.3m
2025-09-07 19:26:18,923 - __main__ - INFO - Trying genetic algorithm...
2025-09-07 19:26:19,487 - __main__ - INFO - Genetic algorithm generation 0, best distance: 4020.4
2025-09-07 19:26:19,488 - __main__ - ERROR - Error with genetic algorithm: tuple index out of range
2025-09-07 19:26:19,503 - __main__ - INFO - Trying simulated_annealing algorithm...
2025-09-07 19:26:19,510 - __main__ - INFO - Simulated annealing iteration 100, temperature: 5.92, best distance: 2413.3
2025-09-07 19:26:19,514 - __main__ - INFO - Simulated annealing completed in 135 iterations
2025-09-07 19:26:19,515 - __main__ - INFO - simulated_annealing distance: 2413.3m
2025-09-07 19:26:19,515 - __main__ - INFO - Original order distance: 3733.5m
2025-09-07 19:26:19,515 - __main__ - INFO - Best algorithm: nearest_neighbor, distance: 2413.3m
2025-09-07 19:26:19,520 - __main__ - INFO - Distance saved: 1320.2m (35.4%)
2025-09-07 19:26:19,520 - __main__ - INFO - Optimized route order:
2025-09-07 19:26:19,521 - __main__ - INFO -   Stop 1: Waypoint 0 [334.949799, 161.106171, 0.001736]
2025-09-07 19:26:19,521 - __main__ - INFO -   Stop 2: Waypoint 1 [339.100037, 258.568939, 0.001679]
2025-09-07 19:26:19,522 - __main__ - INFO -   Stop 3: Waypoint 13 [184.758713, 199.424271, 0.00168]
2025-09-07 19:26:19,522 - __main__ - INFO -   Stop 4: Waypoint 12 [161.030975, 129.313187, 0.001679]
2025-09-07 19:26:19,522 - __main__ - INFO -   Stop 5: Waypoint 6 [92.325722, 86.063644, 0.001677]
2025-09-07 19:26:19,522 - __main__ - INFO -   Stop 6: Waypoint 11 [122.100121, 55.142044, 0.001596]
2025-09-07 19:26:19,522 - __main__ - INFO -   Stop 7: Waypoint 10 [59.701321, 1.970804, 0.001467]
2025-09-07 19:26:19,522 - __main__ - INFO -   Stop 8: Waypoint 9 [-1.646942, 197.501282, 0.001555]
2025-09-07 19:26:19,522 - __main__ - INFO -   Stop 9: Waypoint 7 [88.384346, 287.468567, 0.001728]
2025-09-07 19:26:19,523 - __main__ - INFO -   Stop 10: Waypoint 8 [177.594101, 326.386902, 0.001677]
2025-09-07 19:26:19,523 - __main__ - INFO -   Stop 11: Waypoint 2 [396.295319, 183.19574, 0.001678]
2025-09-07 19:26:19,523 - __main__ - INFO -   Stop 12: Waypoint 5 [290.515564, 56.175072, 0.001677]
2025-09-07 19:26:19,523 - __main__ - INFO -   Stop 13: Waypoint 3 [267.657074, 1.98316, 0.001678]
2025-09-07 19:26:19,523 - __main__ - INFO -   Stop 14: Waypoint 4 [153.868896, 26.115866, 0.001678]
2025-09-07 19:26:19,858 - __main__ - WARNING - Failed to spawn traffic vehicle: Python argument types in
    Vehicle.set_autopilot(Vehicle, bool, float)
did not match C++ signature:
    set_autopilot(carla::client::Vehicle {lvalue}, bool enabled=True, unsigned short tm_port=8000)
2025-09-07 19:26:20,077 - __main__ - WARNING - Failed to spawn traffic vehicle: Python argument types in
    Vehicle.set_autopilot(Vehicle, bool, float)
did not match C++ signature:
    set_autopilot(carla::client::Vehicle {lvalue}, bool enabled=True, unsigned short tm_port=8000)
2025-09-07 19:26:20,289 - __main__ - WARNING - Failed to spawn traffic vehicle: Python argument types in
    Vehicle.set_autopilot(Vehicle, bool, float)
did not match C++ signature:
    set_autopilot(carla::client::Vehicle {lvalue}, bool enabled=True, unsigned short tm_port=8000)
2025-09-07 19:26:20,503 - __main__ - WARNING - Failed to spawn traffic vehicle: Spawn failed because of collision at spawn position
2025-09-07 19:26:20,727 - __main__ - WARNING - Failed to spawn traffic vehicle: Python argument types in
    Vehicle.set_autopilot(Vehicle, bool, float)
did not match C++ signature:
    set_autopilot(carla::client::Vehicle {lvalue}, bool enabled=True, unsigned short tm_port=8000)
2025-09-07 19:26:20,957 - __main__ - WARNING - Failed to spawn traffic vehicle: Python argument types in
    Vehicle.set_autopilot(Vehicle, bool, float)
did not match C++ signature:
    set_autopilot(carla::client::Vehicle {lvalue}, bool enabled=True, unsigned short tm_port=8000)
2025-09-07 19:26:21,171 - __main__ - WARNING - Failed to spawn traffic vehicle: Python argument types in
    Vehicle.set_autopilot(Vehicle, bool, float)
did not match C++ signature:
    set_autopilot(carla::client::Vehicle {lvalue}, bool enabled=True, unsigned short tm_port=8000)
2025-09-07 19:26:21,393 - __main__ - WARNING - Failed to spawn traffic vehicle: Python argument types in
    Vehicle.set_autopilot(Vehicle, bool, float)
did not match C++ signature:
    set_autopilot(carla::client::Vehicle {lvalue}, bool enabled=True, unsigned short tm_port=8000)
2025-09-07 19:26:21,611 - __main__ - WARNING - Failed to spawn traffic vehicle: Python argument types in
    Vehicle.set_autopilot(Vehicle, bool, float)
did not match C++ signature:
    set_autopilot(carla::client::Vehicle {lvalue}, bool enabled=True, unsigned short tm_port=8000)
2025-09-07 19:26:22,106 - __main__ - WARNING - Failed to spawn traffic vehicle: Python argument types in
    Vehicle.set_autopilot(Vehicle, bool, float)
did not match C++ signature:
    set_autopilot(carla::client::Vehicle {lvalue}, bool enabled=True, unsigned short tm_port=8000)
2025-09-07 19:26:22,691 - __main__ - WARNING - Failed to spawn traffic vehicle: Python argument types in
    Vehicle.set_autopilot(Vehicle, bool, float)
did not match C++ signature:
    set_autopilot(carla::client::Vehicle {lvalue}, bool enabled=True, unsigned short tm_port=8000)
2025-09-07 19:26:23,182 - __main__ - WARNING - Failed to spawn traffic vehicle: Python argument types in
    Vehicle.set_autopilot(Vehicle, bool, float)
did not match C++ signature:
    set_autopilot(carla::client::Vehicle {lvalue}, bool enabled=True, unsigned short tm_port=8000)
2025-09-07 19:26:23,601 - __main__ - WARNING - Failed to spawn traffic vehicle: Spawn failed because of collision at spawn position
2025-09-07 19:26:24,026 - __main__ - WARNING - Failed to spawn traffic vehicle: Python argument types in
    Vehicle.set_autopilot(Vehicle, bool, float)
did not match C++ signature:
    set_autopilot(carla::client::Vehicle {lvalue}, bool enabled=True, unsigned short tm_port=8000)
2025-09-07 19:26:24,445 - __main__ - WARNING - Failed to spawn traffic vehicle: Python argument types in
    Vehicle.set_autopilot(Vehicle, bool, float)
did not match C++ signature:
    set_autopilot(carla::client::Vehicle {lvalue}, bool enabled=True, unsigned short tm_port=8000)
2025-09-07 19:26:24,851 - __main__ - WARNING - Failed to spawn traffic vehicle: Python argument types in
    Vehicle.set_autopilot(Vehicle, bool, float)
did not match C++ signature:
    set_autopilot(carla::client::Vehicle {lvalue}, bool enabled=True, unsigned short tm_port=8000)
2025-09-07 19:26:25,338 - __main__ - WARNING - Failed to spawn traffic vehicle: Spawn failed because of collision at spawn position
2025-09-07 19:26:25,771 - __main__ - WARNING - Failed to spawn traffic vehicle: Python argument types in
    Vehicle.set_autopilot(Vehicle, bool, float)
did not match C++ signature:
    set_autopilot(carla::client::Vehicle {lvalue}, bool enabled=True, unsigned short tm_port=8000)
2025-09-07 19:26:25,854 - __main__ - INFO - Spawned 0 traffic vehicles and 0 pedestrians
2025-09-07 19:26:25,865 - __main__ - INFO - Visualized 14 waypoints as dots with labels
2025-09-07 19:26:25,873 - __main__ - INFO - Hybrid A* found path in 0.003s
2025-09-07 19:26:25,889 - __main__ - ERROR - Error visualizing complete route: Python argument types in
    Map.get_waypoint(Map, Waypoint)
did not match C++ signature:
    get_waypoint(carla::client::Map {lvalue}, carla::geom::Location location, bool project_to_road=True, int lane_type=carla.libcarla.LaneType.Driving)
2025-09-07 19:26:25,891 - __main__ - INFO - 
Starting navigation to 14 waypoints in optimized order
2025-09-07 19:26:25,891 - __main__ - INFO - Route order: [0, 1, 13, 12, 6, 11, 10, 9, 7, 8, 2, 5, 3, 4]
2025-09-07 19:26:25,892 - __main__ - INFO - 
Navigating to waypoint 1/14 (Original #0): [334.949799, 161.106171, 0.001736]
2025-09-07 19:26:25,892 - __main__ - INFO - 
Keeping visualization active. Press Ctrl+C to exit...
2025-09-07 19:26:25,895 - __main__ - INFO - Hybrid A* found path in 0.003s
2025-09-07 19:26:25,895 - __main__ - ERROR - Error navigating to waypoint 1: Python argument types in
    Map.get_waypoint(Map, Waypoint)
did not match C++ signature:
    get_waypoint(carla::client::Map {lvalue}, carla::geom::Location location, bool project_to_road=True, int lane_type=carla.libcarla.LaneType.Driving)
2025-09-07 19:26:26,669 - __main__ - WARNING - Failed to respawn traffic vehicle: Python argument types in
    Vehicle.set_autopilot(Vehicle, bool, float)
did not match C++ signature:
    set_autopilot(carla::client::Vehicle {lvalue}, bool enabled=True, unsigned short tm_port=8000)
2025-09-07 19:26:26,901 - __main__ - INFO - 
Navigating to waypoint 2/14 (Original #1): [339.100037, 258.568939, 0.001679]
2025-09-07 19:26:26,901 - __main__ - INFO - Progress: 0/14 waypoints, Time: 1.0s, Distance: 0.0m
2025-09-07 19:26:26,913 - __main__ - INFO - Hybrid A* found path in 0.004s
2025-09-07 19:26:26,915 - __main__ - ERROR - Error navigating to waypoint 2: Python argument types in
    Map.get_waypoint(Map, Waypoint)
did not match C++ signature:
    get_waypoint(carla::client::Map {lvalue}, carla::geom::Location location, bool project_to_road=True, int lane_type=carla.libcarla.LaneType.Driving)
2025-09-07 19:26:27,094 - __main__ - WARNING - Failed to respawn traffic vehicle: Python argument types in
    Vehicle.set_autopilot(Vehicle, bool, float)
did not match C++ signature:
    set_autopilot(carla::client::Vehicle {lvalue}, bool enabled=True, unsigned short tm_port=8000)
2025-09-07 19:26:27,524 - __main__ - WARNING - Failed to respawn traffic vehicle: Spawn failed because of collision at spawn position
2025-09-07 19:26:27,921 - __main__ - INFO - 
Navigating to waypoint 3/14 (Original #13): [184.758713, 199.424271, 0.00168]
2025-09-07 19:26:27,923 - __main__ - INFO - Hybrid A* found path in 0.002s
2025-09-07 19:26:27,923 - __main__ - ERROR - Error navigating to waypoint 3: Python argument types in
    Map.get_waypoint(Map, Waypoint)
did not match C++ signature:
    get_waypoint(carla::client::Map {lvalue}, carla::geom::Location location, bool project_to_road=True, int lane_type=carla.libcarla.LaneType.Driving)
2025-09-07 19:26:27,946 - __main__ - WARNING - Failed to respawn traffic vehicle: Python argument types in
    Vehicle.set_autopilot(Vehicle, bool, float)
did not match C++ signature:
    set_autopilot(carla::client::Vehicle {lvalue}, bool enabled=True, unsigned short tm_port=8000)
2025-09-07 19:26:28,375 - __main__ - WARNING - Failed to respawn traffic vehicle: Python argument types in
    Vehicle.set_autopilot(Vehicle, bool, float)
did not match C++ signature:
    set_autopilot(carla::client::Vehicle {lvalue}, bool enabled=True, unsigned short tm_port=8000)
2025-09-07 19:26:28,787 - __main__ - WARNING - Failed to respawn traffic vehicle: Python argument types in
    Vehicle.set_autopilot(Vehicle, bool, float)
did not match C++ signature:
    set_autopilot(carla::client::Vehicle {lvalue}, bool enabled=True, unsigned short tm_port=8000)
2025-09-07 19:26:28,924 - __main__ - INFO - 
Navigating to waypoint 4/14 (Original #12): [161.030975, 129.313187, 0.001679]
2025-09-07 19:26:28,926 - __main__ - INFO - Hybrid A* found path in 0.001s
2025-09-07 19:26:28,932 - __main__ - INFO - Path planned: 19 waypoints
2025-09-07 19:26:28,940 - __main__ - ERROR - Error sending position via V2X: Pickling of "carla.libcarla.Location" instances is not enabled (http://www.boost.org/libs/python/doc/v2/pickle.html)
2025-09-07 19:26:28,941 - __main__ - ERROR - Error following waypoints: 'AdvancedTrafficLightDetector' object has no attribute 'update'
2025-09-07 19:26:28,941 - __main__ - WARNING - Close to waypoint 4 (distance: 122.6m)
2025-09-07 19:26:29,219 - __main__ - WARNING - Failed to respawn traffic vehicle: Python argument types in
    Vehicle.set_autopilot(Vehicle, bool, float)
did not match C++ signature:
    set_autopilot(carla::client::Vehicle {lvalue}, bool enabled=True, unsigned short tm_port=8000)
2025-09-07 19:26:29,701 - __main__ - WARNING - Failed to respawn traffic vehicle: Python argument types in
    Vehicle.set_autopilot(Vehicle, bool, float)
did not match C++ signature:
    set_autopilot(carla::client::Vehicle {lvalue}, bool enabled=True, unsigned short tm_port=8000)
2025-09-07 19:26:29,944 - __main__ - INFO - 
Navigating to waypoint 5/14 (Original #6): [92.325722, 86.063644, 0.001677]
2025-09-07 19:26:29,947 - __main__ - INFO - Hybrid A* found path in 0.003s
2025-09-07 19:26:29,948 - __main__ - ERROR - Error navigating to waypoint 5: Python argument types in
    Map.get_waypoint(Map, Waypoint)
did not match C++ signature:
    get_waypoint(carla::client::Map {lvalue}, carla::geom::Location location, bool project_to_road=True, int lane_type=carla.libcarla.LaneType.Driving)
2025-09-07 19:26:30,207 - __main__ - WARNING - Failed to respawn traffic vehicle: Python argument types in
    Vehicle.set_autopilot(Vehicle, bool, float)
did not match C++ signature:
    set_autopilot(carla::client::Vehicle {lvalue}, bool enabled=True, unsigned short tm_port=8000)
2025-09-07 19:26:30,635 - __main__ - WARNING - Failed to respawn traffic vehicle: Python argument types in
    Vehicle.set_autopilot(Vehicle, bool, float)
did not match C++ signature:
    set_autopilot(carla::client::Vehicle {lvalue}, bool enabled=True, unsigned short tm_port=8000)
2025-09-07 19:26:30,958 - __main__ - INFO - 
Navigating to waypoint 6/14 (Original #11): [122.100121, 55.142044, 0.001596]
2025-09-07 19:26:30,960 - __main__ - INFO - Hybrid A* found path in 0.002s
2025-09-07 19:26:30,960 - __main__ - ERROR - Error navigating to waypoint 6: Python argument types in
    Map.get_waypoint(Map, Waypoint)
did not match C++ signature:
    get_waypoint(carla::client::Map {lvalue}, carla::geom::Location location, bool project_to_road=True, int lane_type=carla.libcarla.LaneType.Driving)
2025-09-07 19:26:31,121 - __main__ - WARNING - Failed to respawn traffic vehicle: Python argument types in
    Vehicle.set_autopilot(Vehicle, bool, float)
did not match C++ signature:
    set_autopilot(carla::client::Vehicle {lvalue}, bool enabled=True, unsigned short tm_port=8000)
2025-09-07 19:26:31,612 - __main__ - WARNING - Failed to respawn traffic vehicle: Python argument types in
    Vehicle.set_autopilot(Vehicle, bool, float)
did not match C++ signature:
    set_autopilot(carla::client::Vehicle {lvalue}, bool enabled=True, unsigned short tm_port=8000)
2025-09-07 19:26:31,966 - __main__ - INFO - 
Navigating to waypoint 7/14 (Original #10): [59.701321, 1.970804, 0.001467]
2025-09-07 19:26:31,982 - __main__ - INFO - Hybrid A* found path in 0.003s
2025-09-07 19:26:31,982 - __main__ - ERROR - Error navigating to waypoint 7: Python argument types in
    Map.get_waypoint(Map, Waypoint)
did not match C++ signature:
    get_waypoint(carla::client::Map {lvalue}, carla::geom::Location location, bool project_to_road=True, int lane_type=carla.libcarla.LaneType.Driving)
2025-09-07 19:26:32,099 - __main__ - WARNING - Failed to respawn traffic vehicle: Python argument types in
    Vehicle.set_autopilot(Vehicle, bool, float)
did not match C++ signature:
    set_autopilot(carla::client::Vehicle {lvalue}, bool enabled=True, unsigned short tm_port=8000)
2025-09-07 19:26:32,581 - __main__ - WARNING - Failed to respawn traffic vehicle: Python argument types in
    Vehicle.set_autopilot(Vehicle, bool, float)
did not match C++ signature:
    set_autopilot(carla::client::Vehicle {lvalue}, bool enabled=True, unsigned short tm_port=8000)
2025-09-07 19:26:32,926 - __main__ - INFO - Progress: 0/14 waypoints, Time: 7.0s, Distance: 0.0m
2025-09-07 19:26:32,988 - __main__ - INFO - 
Navigating to waypoint 8/14 (Original #9): [-1.646942, 197.501282, 0.001555]
2025-09-07 19:26:32,991 - __main__ - INFO - Hybrid A* found path in 0.003s
2025-09-07 19:26:32,991 - __main__ - ERROR - Error navigating to waypoint 8: Python argument types in
    Map.get_waypoint(Map, Waypoint)
did not match C++ signature:
    get_waypoint(carla::client::Map {lvalue}, carla::geom::Location location, bool project_to_road=True, int lane_type=carla.libcarla.LaneType.Driving)
2025-09-07 19:26:33,068 - __main__ - WARNING - Failed to respawn traffic vehicle: Python argument types in
    Vehicle.set_autopilot(Vehicle, bool, float)
did not match C++ signature:
    set_autopilot(carla::client::Vehicle {lvalue}, bool enabled=True, unsigned short tm_port=8000)
2025-09-07 19:26:33,552 - __main__ - WARNING - Failed to respawn traffic vehicle: Python argument types in
    Vehicle.set_autopilot(Vehicle, bool, float)
did not match C++ signature:
    set_autopilot(carla::client::Vehicle {lvalue}, bool enabled=True, unsigned short tm_port=8000)
2025-09-07 19:26:33,992 - __main__ - INFO - 
Navigating to waypoint 9/14 (Original #7): [88.384346, 287.468567, 0.001728]
2025-09-07 19:26:33,995 - __main__ - INFO - Hybrid A* found path in 0.003s
2025-09-07 19:26:33,996 - __main__ - ERROR - Error navigating to waypoint 9: Python argument types in
    Map.get_waypoint(Map, Waypoint)
did not match C++ signature:
    get_waypoint(carla::client::Map {lvalue}, carla::geom::Location location, bool project_to_road=True, int lane_type=carla.libcarla.LaneType.Driving)
2025-09-07 19:26:34,042 - __main__ - WARNING - Failed to respawn traffic vehicle: Python argument types in
    Vehicle.set_autopilot(Vehicle, bool, float)
did not match C++ signature:
    set_autopilot(carla::client::Vehicle {lvalue}, bool enabled=True, unsigned short tm_port=8000)
2025-09-07 19:26:34,525 - __main__ - WARNING - Failed to respawn traffic vehicle: Python argument types in
    Vehicle.set_autopilot(Vehicle, bool, float)
did not match C++ signature:
    set_autopilot(carla::client::Vehicle {lvalue}, bool enabled=True, unsigned short tm_port=8000)
2025-09-07 19:26:34,525 - __main__ - INFO - Respawned 20 traffic vehicles
2025-09-07 19:26:35,001 - __main__ - INFO - 
Navigating to waypoint 10/14 (Original #8): [177.594101, 326.386902, 0.001677]
2025-09-07 19:26:35,007 - __main__ - INFO - Hybrid A* found path in 0.001s
2025-09-07 19:26:35,009 - __main__ - ERROR - Error navigating to waypoint 10: Python argument types in
    Map.get_waypoint(Map, Waypoint)
did not match C++ signature:
    get_waypoint(carla::client::Map {lvalue}, carla::geom::Location location, bool project_to_road=True, int lane_type=carla.libcarla.LaneType.Driving)
2025-09-07 19:26:36,015 - __main__ - INFO - 
Navigating to waypoint 11/14 (Original #2): [396.295319, 183.19574, 0.001678]
2025-09-07 19:26:36,024 - __main__ - INFO - Hybrid A* found path in 0.003s
2025-09-07 19:26:36,029 - __main__ - ERROR - Error navigating to waypoint 11: Python argument types in
    Map.get_waypoint(Map, Waypoint)
did not match C++ signature:
    get_waypoint(carla::client::Map {lvalue}, carla::geom::Location location, bool project_to_road=True, int lane_type=carla.libcarla.LaneType.Driving)
2025-09-07 19:26:37,032 - __main__ - INFO - 
Navigating to waypoint 12/14 (Original #5): [290.515564, 56.175072, 0.001677]
2025-09-07 19:26:37,040 - __main__ - INFO - Hybrid A* found path in 0.003s
2025-09-07 19:26:37,041 - __main__ - ERROR - Error navigating to waypoint 12: Python argument types in
    Map.get_waypoint(Map, Waypoint)
did not match C++ signature:
    get_waypoint(carla::client::Map {lvalue}, carla::geom::Location location, bool project_to_road=True, int lane_type=carla.libcarla.LaneType.Driving)
2025-09-07 19:26:38,044 - __main__ - INFO - 
Navigating to waypoint 13/14 (Original #3): [267.657074, 1.98316, 0.001678]
2025-09-07 19:26:38,046 - __main__ - INFO - Hybrid A* found path in 0.003s
2025-09-07 19:26:38,047 - __main__ - ERROR - Error navigating to waypoint 13: Python argument types in
    Map.get_waypoint(Map, Waypoint)
did not match C++ signature:
    get_waypoint(carla::client::Map {lvalue}, carla::geom::Location location, bool project_to_road=True, int lane_type=carla.libcarla.LaneType.Driving)
2025-09-07 19:26:38,939 - __main__ - INFO - Progress: 0/14 waypoints, Time: 13.0s, Distance: 0.0m
2025-09-07 19:26:39,050 - __main__ - INFO - 
Navigating to waypoint 14/14 (Original #4): [153.868896, 26.115866, 0.001678]
2025-09-07 19:26:39,056 - __main__ - INFO - Hybrid A* found path in 0.001s
2025-09-07 19:26:39,056 - __main__ - ERROR - Error navigating to waypoint 14: Python argument types in
    Map.get_waypoint(Map, Waypoint)
did not match C++ signature:
    get_waypoint(carla::client::Map {lvalue}, carla::geom::Location location, bool project_to_road=True, int lane_type=carla.libcarla.LaneType.Driving)
2025-09-07 19:26:40,069 - __main__ - INFO - 
Navigation complete!
2025-09-07 19:26:40,081 - __main__ - INFO - Results: 0/14 waypoints reached
2025-09-07 19:26:40,081 - __main__ - INFO - Total time: 14.2 seconds
2025-09-07 19:26:40,083 - __main__ - INFO - Total distance: 0.0 meters
2025-09-07 19:26:40,083 - __main__ - INFO - Average speed: 0.0 km/h
2025-09-07 19:26:40,083 - __main__ - INFO - Average time per waypoint: 1.0 seconds
2025-09-07 19:26:44,948 - __main__ - INFO - Progress: 0/14 waypoints, Time: 19.1s, Distance: 0.0m
2025-09-07 19:26:50,975 - __main__ - INFO - Progress: 0/14 waypoints, Time: 25.1s, Distance: 0.0m
2025-09-07 19:26:56,991 - __main__ - INFO - Progress: 0/14 waypoints, Time: 31.1s, Distance: 0.0m
2025-09-07 19:26:57,382 - __main__ - WARNING - Failed to respawn traffic vehicle: Python argument types in
    Vehicle.set_autopilot(Vehicle, bool, float)
did not match C++ signature:
    set_autopilot(carla::client::Vehicle {lvalue}, bool enabled=True, unsigned short tm_port=8000)
2025-09-07 19:26:58,043 - __main__ - WARNING - Failed to respawn traffic vehicle: Python argument types in
    Vehicle.set_autopilot(Vehicle, bool, float)
did not match C++ signature:
    set_autopilot(carla::client::Vehicle {lvalue}, bool enabled=True, unsigned short tm_port=8000)
2025-09-07 19:26:58,742 - __main__ - WARNING - Failed to respawn traffic vehicle: Python argument types in
    Vehicle.set_autopilot(Vehicle, bool, float)
did not match C++ signature:
    set_autopilot(carla::client::Vehicle {lvalue}, bool enabled=True, unsigned short tm_port=8000)
2025-09-07 19:26:59,428 - __main__ - WARNING - Failed to respawn traffic vehicle: Python argument types in
    Vehicle.set_autopilot(Vehicle, bool, float)
did not match C++ signature:
    set_autopilot(carla::client::Vehicle {lvalue}, bool enabled=True, unsigned short tm_port=8000)
2025-09-07 19:27:00,255 - __main__ - WARNING - Failed to respawn traffic vehicle: Python argument types in
    Vehicle.set_autopilot(Vehicle, bool, float)
did not match C++ signature:
    set_autopilot(carla::client::Vehicle {lvalue}, bool enabled=True, unsigned short tm_port=8000)
2025-09-07 19:27:00,947 - __main__ - WARNING - Failed to respawn traffic vehicle: Spawn failed because of collision at spawn position
2025-09-07 19:27:01,777 - __main__ - WARNING - Failed to respawn traffic vehicle: Python argument types in
    Vehicle.set_autopilot(Vehicle, bool, float)
did not match C++ signature:
    set_autopilot(carla::client::Vehicle {lvalue}, bool enabled=True, unsigned short tm_port=8000)
2025-09-07 19:27:02,594 - __main__ - WARNING - Failed to respawn traffic vehicle: Python argument types in
    Vehicle.set_autopilot(Vehicle, bool, float)
did not match C++ signature:
    set_autopilot(carla::client::Vehicle {lvalue}, bool enabled=True, unsigned short tm_port=8000)
2025-09-07 19:27:03,021 - __main__ - INFO - Progress: 0/14 waypoints, Time: 37.1s, Distance: 0.0m
2025-09-07 19:27:03,277 - __main__ - WARNING - Failed to respawn traffic vehicle: Spawn failed because of collision at spawn position
2025-09-07 19:27:03,966 - __main__ - WARNING - Failed to respawn traffic vehicle: Python argument types in
    Vehicle.set_autopilot(Vehicle, bool, float)
did not match C++ signature:
    set_autopilot(carla::client::Vehicle {lvalue}, bool enabled=True, unsigned short tm_port=8000)
2025-09-07 19:27:04,644 - __main__ - WARNING - Failed to respawn traffic vehicle: Python argument types in
    Vehicle.set_autopilot(Vehicle, bool, float)
did not match C++ signature:
    set_autopilot(carla::client::Vehicle {lvalue}, bool enabled=True, unsigned short tm_port=8000)
2025-09-07 19:27:05,260 - __main__ - WARNING - Failed to respawn traffic vehicle: Python argument types in
    Vehicle.set_autopilot(Vehicle, bool, float)
did not match C++ signature:
    set_autopilot(carla::client::Vehicle {lvalue}, bool enabled=True, unsigned short tm_port=8000)
2025-09-07 19:27:05,917 - __main__ - WARNING - Failed to respawn traffic vehicle: Python argument types in
    Vehicle.set_autopilot(Vehicle, bool, float)
did not match C++ signature:
    set_autopilot(carla::client::Vehicle {lvalue}, bool enabled=True, unsigned short tm_port=8000)
2025-09-07 19:27:06,540 - __main__ - WARNING - Failed to respawn traffic vehicle: Python argument types in
    Vehicle.set_autopilot(Vehicle, bool, float)
did not match C++ signature:
    set_autopilot(carla::client::Vehicle {lvalue}, bool enabled=True, unsigned short tm_port=8000)
2025-09-07 19:27:07,185 - __main__ - WARNING - Failed to respawn traffic vehicle: Python argument types in
    Vehicle.set_autopilot(Vehicle, bool, float)
did not match C++ signature:
    set_autopilot(carla::client::Vehicle {lvalue}, bool enabled=True, unsigned short tm_port=8000)
2025-09-07 19:27:07,810 - __main__ - WARNING - Failed to respawn traffic vehicle: Python argument types in
    Vehicle.set_autopilot(Vehicle, bool, float)
did not match C++ signature:
    set_autopilot(carla::client::Vehicle {lvalue}, bool enabled=True, unsigned short tm_port=8000)
2025-09-07 19:27:08,645 - __main__ - WARNING - Failed to respawn traffic vehicle: Python argument types in
    Vehicle.set_autopilot(Vehicle, bool, float)
did not match C++ signature:
    set_autopilot(carla::client::Vehicle {lvalue}, bool enabled=True, unsigned short tm_port=8000)
2025-09-07 19:27:09,029 - __main__ - INFO - Progress: 0/14 waypoints, Time: 43.1s, Distance: 0.0m
2025-09-07 19:27:09,719 - __main__ - WARNING - Failed to respawn traffic vehicle: Python argument types in
    Vehicle.set_autopilot(Vehicle, bool, float)
did not match C++ signature:
    set_autopilot(carla::client::Vehicle {lvalue}, bool enabled=True, unsigned short tm_port=8000)
2025-09-07 19:27:10,777 - __main__ - WARNING - Failed to respawn traffic vehicle: Python argument types in
    Vehicle.set_autopilot(Vehicle, bool, float)
did not match C++ signature:
    set_autopilot(carla::client::Vehicle {lvalue}, bool enabled=True, unsigned short tm_port=8000)
2025-09-07 19:27:11,861 - __main__ - WARNING - Failed to respawn traffic vehicle: Spawn failed because of collision at spawn position
2025-09-07 19:27:11,861 - __main__ - INFO - Respawned 20 traffic vehicles
2025-09-07 19:27:15,036 - __main__ - INFO - Progress: 0/14 waypoints, Time: 49.1s, Distance: 0.0m
2025-09-07 19:27:21,045 - __main__ - INFO - Progress: 0/14 waypoints, Time: 55.2s, Distance: 0.0m
2025-09-07 19:27:27,055 - __main__ - INFO - Progress: 0/14 waypoints, Time: 61.2s, Distance: 0.0m
2025-09-07 19:27:28,990 - __main__ - WARNING - Failed to respawn traffic vehicle: Python argument types in
    Vehicle.set_autopilot(Vehicle, bool, float)
did not match C++ signature:
    set_autopilot(carla::client::Vehicle {lvalue}, bool enabled=True, unsigned short tm_port=8000)
2025-09-07 19:27:30,286 - __main__ - WARNING - Failed to respawn traffic vehicle: Spawn failed because of collision at spawn position
2025-09-07 19:27:31,620 - __main__ - WARNING - Failed to respawn traffic vehicle: Python argument types in
    Vehicle.set_autopilot(Vehicle, bool, float)
did not match C++ signature:
    set_autopilot(carla::client::Vehicle {lvalue}, bool enabled=True, unsigned short tm_port=8000)
2025-09-07 19:27:32,363 - __main__ - INFO - Received signal 2, shutting down...
2025-09-07 19:27:32,364 - __main__ - INFO - Cleaning up resources...
2025-09-07 19:27:32,894 - __main__ - WARNING - Failed to respawn traffic vehicle: Spawn failed because of collision at spawn position
2025-09-07 19:27:34,161 - __main__ - WARNING - Failed to respawn traffic vehicle: Python argument types in
    Vehicle.set_autopilot(Vehicle, bool, float)
did not match C++ signature:
    set_autopilot(carla::client::Vehicle {lvalue}, bool enabled=True, unsigned short tm_port=8000)
2025-09-07 19:27:37,048 - __main__ - WARNING - Failed to respawn traffic vehicle: Python argument types in
    Vehicle.set_autopilot(Vehicle, bool, float)
did not match C++ signature:
    set_autopilot(carla::client::Vehicle {lvalue}, bool enabled=True, unsigned short tm_port=8000)
2025-09-07 19:27:37,355 - __main__ - INFO - Received signal 2, shutting down...
2025-09-07 19:27:37,355 - __main__ - INFO - Cleaning up resources...
2025-09-07 19:27:37,359 - __main__ - WARNING - Failed to respawn traffic vehicle: Python argument types in
    Vehicle.set_autopilot(Vehicle, bool, float)
did not match C++ signature:
    set_autopilot(carla::client::Vehicle {lvalue}, bool enabled=True, unsigned short tm_port=8000)
2025-09-07 19:27:38,294 - __main__ - WARNING - Failed to respawn traffic vehicle: Python argument types in
    Vehicle.set_autopilot(Vehicle, bool, float)
did not match C++ signature:
    set_autopilot(carla::client::Vehicle {lvalue}, bool enabled=True, unsigned short tm_port=8000)
2025-09-07 19:27:38,356 - __main__ - ERROR - Error: trying to operate on a destroyed actor; an actor's function was called, but the actor is already destroyed.
2025-09-07 19:27:38,357 - __main__ - INFO - Cleaning up resources...
2025-09-07 19:27:39,230 - __main__ - WARNING - Failed to respawn traffic vehicle: Spawn failed because of collision at spawn position
2025-09-07 19:27:39,360 - __main__ - INFO - Cleaning up resources...
2025-09-07 19:27:40,247 - __main__ - WARNING - Failed to respawn traffic vehicle: Python argument types in
    Vehicle.set_autopilot(Vehicle, bool, float)
did not match C++ signature:
    set_autopilot(carla::client::Vehicle {lvalue}, bool enabled=True, unsigned short tm_port=8000)
